******************************************************************************
                  TI ARM Linker Unix v20.2.5                   
******************************************************************************
>> Linked Sun Feb  5 15:38:30 2023

OUTPUT FILE NAME:   <Assignment1.out>
ENTRY POINT SYMBOL: "ResetISR"  address: 00001497


MEMORY CONFIGURATION

         name            origin    length      used     unused   attr    fill
----------------------  --------  ---------  --------  --------  ----  --------
  FLASH                 00000000   00020000  000015c0  0001ea40  R  X
  GPRAM                 11000000   00002000  00000000  00002000  RW X
  SRAM                  20000000   00005000  0000022c  00004dd4  RW X


SEGMENT ALLOCATION MAP

run origin  load origin   length   init length attrs members
----------  ----------- ---------- ----------- ----- -------
00000000    00000000    00001518   00001518    r-x
  00000000    00000000    000000c8   000000c8    r-- .intvecs
  000000c8    000000c8    0000143c   0000143c    r-x .text
  00001504    00001504    00000014   00000014    r-- .const
00001518    00001518    00000008   00000008    rw-
  00001518    00001518    00000008   00000008    rw- .args
00001520    00001520    00000048   00000048    r--
  00001520    00001520    00000048   00000048    r-- .cinit
0001ffa8    0001ffa8    00000058   00000058    r--
  0001ffa8    0001ffa8    00000058   00000058    r-- .ccfg
20000000    20000000    00000130   00000000    rw-
  20000000    20000000    000000c8   00000000    rw- .vtable_ram
  200000c8    200000c8    00000034   00000000    rw- .bss
  200000fc    200000fc    00000020   00000000    rw- .data
  20000120    20000120    00000010   00000000    rw- .sysmem
20004f00    20004f00    00000100   00000000    rw-
  20004f00    20004f00    00000100   00000000    rw- .stack


SECTION ALLOCATION MAP

 output                                  attributes/
section   page    origin      length       input sections
--------  ----  ----------  ----------   ----------------
.intvecs   0    00000000    000000c8     
                  00000000    000000c8     startup_ccs.obj (.intvecs)

.text      0    000000c8    0000143c     
                  000000c8    00000274     uart_module.obj (.text)
                  0000033c    000001a0     timer_module.obj (.text)
                  000004dc    00000140     main.obj (.text)
                  0000061c    00000130     driverlib.lib : setup_rom.obj (.text:NOROM_SetupAfterColdResetWakeupFromShutDownCfg3)
                  0000074c    00000100     rtsv7M3_T_le_eabi.lib : memory.c.obj (.text:aligned_alloc)
                  0000084c    000000f4     led_module.obj (.text)
                  00000940    000000f0     driverlib.lib : setup_rom.obj (.text:NOROM_SetupAfterColdResetWakeupFromShutDownCfg2)
                  00000a30    000000e8     rtsv7M3_T_le_eabi.lib : memory.c.obj (.text:free)
                  00000b18    000000c0     driverlib.lib : setup.obj (.text:TrimAfterColdResetWakeupFromShutDown)
                  00000bd8    000000a8                   : setup.obj (.text:NOROM_SetupTrimDevice)
                  00000c80    000000a4                   : setup_rom.obj (.text:NOROM_SetupAfterColdResetWakeupFromShutDownCfg1)
                  00000d24    0000009c     rtsv7M3_T_le_eabi.lib : memcpy_t2.asm.obj (.text)
                  00000dc0    00000074     driverlib.lib : setup_rom.obj (.text:NOROM_SetupSetVddrLevel)
                  00000e34    00000070                   : chipinfo.obj (.text:NOROM_ChipInfo_GetHwRevision)
                  00000ea4    00000070     rtsv7M3_T_le_eabi.lib : memory.c.obj (.text:split)
                  00000f14    0000006c     driverlib.lib : setup_rom.obj (.text:NOROM_SetupGetTrimForAmpcompCtrl)
                  00000f80    00000068                   : setup_rom.obj (.text:NOROM_SetupGetTrimForAnabypassValue1)
                  00000fe8    00000068     rtsv7M3_T_le_eabi.lib : copy_decompress_lzss.c.obj (.text:decompress:lzss:__TI_decompress_lzss)
                  00001050    00000060     driverlib.lib : osc.obj (.text:NOROM_OSCClockSourceSet)
                  000010b0    00000050                   : setup_rom.obj (.text:NOROM_SetupSetCacheModeAccordingToCcfgSetting)
                  00001100    00000048                   : chipinfo.obj (.text:NOROM_ChipInfo_GetChipFamily)
                  00001148    00000044     rtsv7M3_T_le_eabi.lib : autoinit.c.obj (.text:__TI_auto_init_nobinit_nopinit:__TI_auto_init_nobinit_nopinit)
                  0000118c    00000040     driverlib.lib : timer.obj (.text:NOROM_TimerIntRegister)
                  000011cc    00000034                   : interrupt.obj (.text:NOROM_IntRegister)
                  00001200    00000030                   : setup_rom.obj (.text:NOROM_SetupSetAonRtcSubSecInc)
                  00001230    00000030                   : timer.obj (.text:TimerIntNumberGet)
                  00001260    0000002c                   : ddi.obj (.text:NOROM_DDI32RegWrite)
                  0000128c    0000002c                   : osc.obj (.text:NOROM_OSCClockSourceGet)
                  000012b8    0000002c                   : setup_rom.obj (.text:NOROM_SetupGetTrimForRadcExtCfg)
                  000012e4    00000028     rtsv7M3_T_le_eabi.lib : memory.c.obj (.text:free_list_insert)
                  0000130c    00000024                           : boot_cortex_m.c.obj (.text:_c_int00:_c_int00)
                  00001330    00000020     driverlib.lib : setup_rom.obj (.text:NOROM_SetupGetTrimForXoscHfCtl)
                  00001350    0000001c                   : setup_rom.obj (.text:NOROM_SetupGetTrimForAmpcompTh2)
                  0000136c    0000001c                   : setup_rom.obj (.text:NOROM_SetupGetTrimForRcOscLfRtuneCtuneTrim)
                  00001388    0000001c     rtsv7M3_T_le_eabi.lib : copy_zero_init.c.obj (.text:decompress:ZI:__TI_zero_init_nomemset:__TI_zero_init_nomemset)
                  000013a4    0000001c                           : memory.c.obj (.text:free_list_remove)
                  000013c0    00000018     driverlib.lib : setup_rom.obj (.text:NOROM_SetupGetTrimForAdcShModeEn)
                  000013d8    00000018                   : setup_rom.obj (.text:NOROM_SetupGetTrimForAdcShVbufEn)
                  000013f0    00000018                   : setup_rom.obj (.text:NOROM_SetupGetTrimForAmpcompTh1)
                  00001408    00000018                   : setup_rom.obj (.text:NOROM_SetupGetTrimForDblrLoopFilterResetVoltage)
                  00001420    00000018                   : setup_rom.obj (.text:NOROM_SetupGetTrimForRcOscLfIBiasTrim)
                  00001438    00000018                   : setup_rom.obj (.text:NOROM_SetupGetTrimForXoscLfRegulatorAndCmirrwrRatio)
                  00001450    00000018                   : uart.obj (.text:NOROM_UARTIntRegister)
                  00001468    00000018     rtsv7M3_T_le_eabi.lib : args_main.c.obj (.text:_args_main)
                  00001480    00000016     driverlib.lib : chipinfo.obj (.text:NOROM_ThisCodeIsBuiltForCC13xxHwRev20AndLater_HaltIfViolated)
                  00001496    00000016     startup_ccs.obj (.text)
                  000014ac    00000010     driverlib.lib : setup_rom.obj (.text:NOROM_SetupGetTrimForXoscHfFastStart)
                  000014bc    00000010                   : setup_rom.obj (.text:NOROM_SetupGetTrimForXoscHfIbiastherm)
                  000014cc    0000000e     rtsv7M3_T_le_eabi.lib : copy_decompress_none.c.obj (.text:decompress:none:__TI_decompress_none)
                  000014da    0000000c     driverlib.lib : cpu.obj (.text:NOROM_CPUcpsid)
                  000014e6    0000000c                   : cpu.obj (.text:NOROM_CPUcpsie)
                  000014f2    00000008     rtsv7M3_T_le_eabi.lib : memory.c.obj (.text:malloc)
                  000014fa    00000004                           : pre_init.c.obj (.text:_system_pre_init)
                  000014fe    00000004                           : exit.c.obj (.text:abort:abort)
                  00001502    00000002                           : _lock.c.obj (.text:_nop)

.const     0    00001504    00000014     
                  00001504    00000014     uart_module.obj (.const:rxSize)

.binit     0    00000000    00000000     

.cinit     0    00001520    00000048     
                  00001520    0000000d     (.cinit..data.load) [load image, compression = lzss]
                  0000152d    00000003     --HOLE-- [fill = 0]
                  00001530    0000000c     (__TI_handler_table)
                  0000153c    00000004     --HOLE-- [fill = 0]
                  00001540    00000008     (.cinit..bss.load) [load image, compression = zero_init]
                  00001548    00000008     (.cinit..vtable_ram.load) [load image, compression = zero_init]
                  00001550    00000018     (__TI_cinit_table)

.init_array 
*          0    00000000    00000000     UNINITIALIZED

.ccfg      0    0001ffa8    00000058     
                  0001ffa8    00000058     ccfg.obj (.ccfg:retain)

.vtable_ram 
*          0    20000000    000000c8     UNINITIALIZED
                  20000000    000000c8     driverlib.lib : interrupt.obj (.vtable_ram)

.bss       0    200000c8    00000034     UNINITIALIZED
                  200000c8    00000014     (.common:coolingPeriod)
                  200000dc    00000014     (.common:heatingPeriod)
                  200000f0    00000004     (.common:currentPeriodPtr)
                  200000f4    00000004     (.common:rxTriggerLevel)
                  200000f8    00000004     (.common:txTriggerLevel)

.data      0    200000fc    00000020     UNINITIALIZED
                  200000fc    00000008     rtsv7M3_T_le_eabi.lib : _lock.c.obj (.data:$O1$$)
                  20000104    00000008                           : memory.c.obj (.data:$O1$$)
                  2000010c    00000008     main.obj (.data)
                  20000114    00000004     timer_module.obj (.data)
                  20000118    00000004     uart_module.obj (.data)

.sysmem    0    20000120    00000010     UNINITIALIZED
                  20000120    00000010     rtsv7M3_T_le_eabi.lib : memory.c.obj (.sysmem)

.stack     0    20004f00    00000100     UNINITIALIZED
                  20004f00    00000004     rtsv7M3_T_le_eabi.lib : boot_cortex_m.c.obj (.stack)
                  20004f04    000000fc     --HOLE--

__llvm_prf_cnts 
*          0    20000000    00000000     UNINITIALIZED

.args      0    00001518    00000008     
                  00001518    00000008     --HOLE-- [fill = 0]

MODULE SUMMARY

       Module                       code   ro data   rw data
       ------                       ----   -------   -------
    ./
       uart_module.obj              628    20        12     
       timer_module.obj             416    0         4      
       main.obj                     320    0         52     
       led_module.obj               244    0         0      
       startup_ccs.obj              22     200       0      
       ccfg.obj                     0      88        0      
    +--+----------------------------+------+---------+---------+
       Total:                       1630   308       68     
                                                            
    /opt/ti/ccs1040/ccs/tools/compiler/ti-cgt-arm_20.2.5.LTS/lib/rtsv7M3_T_le_eabi.lib
       memory.c.obj                 676    0         8      
       memcpy_t2.asm.obj            156    0         0      
       copy_decompress_lzss.c.obj   104    0         0      
       autoinit.c.obj               68     0         0      
       boot_cortex_m.c.obj          36     0         0      
       copy_zero_init.c.obj         28     0         0      
       args_main.c.obj              24     0         0      
       copy_decompress_none.c.obj   14     0         0      
       _lock.c.obj                  2      0         8      
       exit.c.obj                   4      0         0      
       pre_init.c.obj               4      0         0      
    +--+----------------------------+------+---------+---------+
       Total:                       1116   0         16     
                                                            
    /opt/ti/tirtos_cc13xx_cc26xx_2_21_01_08/products/cc13xxware_2_04_03_17272/driverlib/bin/ccs/driverlib.lib
       setup_rom.obj                1472   0         0      
       setup.obj                    360    0         0      
       interrupt.obj                52     0         200    
       chipinfo.obj                 206    0         0      
       osc.obj                      140    0         0      
       timer.obj                    112    0         0      
       ddi.obj                      44     0         0      
       cpu.obj                      24     0         0      
       uart.obj                     24     0         0      
    +--+----------------------------+------+---------+---------+
       Total:                       2434   0         200    
                                                            
       Heap:                        0      0         16     
       Stack:                       0      0         256    
       Linker Generated:            0      65        0      
    +--+----------------------------+------+---------+---------+
       Grand Total:                 5180   373       556    


LINKER GENERATED COPY TABLES

__TI_cinit_table @ 00001550 records: 3, size/record: 8, table size: 24
	.data: load addr=00001520, load size=0000000d bytes, run addr=200000fc, run size=00000020 bytes, compression=lzss
	.bss: load addr=00001540, load size=00000008 bytes, run addr=200000c8, run size=00000034 bytes, compression=zero_init
	.vtable_ram: load addr=00001548, load size=00000008 bytes, run addr=20000000, run size=000000c8 bytes, compression=zero_init


LINKER GENERATED HANDLER TABLE

__TI_handler_table @ 00001530 records: 3, size/record: 4, table size: 12
	index: 0, handler: __TI_zero_init
	index: 1, handler: __TI_decompress_lzss
	index: 2, handler: __TI_decompress_none


GLOBAL SYMBOLS: SORTED ALPHABETICALLY BY Name 

address   name                                                        
-------   ----                                                        
000014ff  C$$EXIT                                                     
000014db  NOROM_CPUcpsid                                              
000014e7  NOROM_CPUcpsie                                              
00001101  NOROM_ChipInfo_GetChipFamily                                
00000e35  NOROM_ChipInfo_GetHwRevision                                
00001261  NOROM_DDI32RegWrite                                         
000011cd  NOROM_IntRegister                                           
0000128d  NOROM_OSCClockSourceGet                                     
00001051  NOROM_OSCClockSourceSet                                     
00000c81  NOROM_SetupAfterColdResetWakeupFromShutDownCfg1             
00000941  NOROM_SetupAfterColdResetWakeupFromShutDownCfg2             
0000061d  NOROM_SetupAfterColdResetWakeupFromShutDownCfg3             
000013c1  NOROM_SetupGetTrimForAdcShModeEn                            
000013d9  NOROM_SetupGetTrimForAdcShVbufEn                            
00000f15  NOROM_SetupGetTrimForAmpcompCtrl                            
000013f1  NOROM_SetupGetTrimForAmpcompTh1                             
00001351  NOROM_SetupGetTrimForAmpcompTh2                             
00000f81  NOROM_SetupGetTrimForAnabypassValue1                        
00001409  NOROM_SetupGetTrimForDblrLoopFilterResetVoltage             
000012b9  NOROM_SetupGetTrimForRadcExtCfg                             
00001421  NOROM_SetupGetTrimForRcOscLfIBiasTrim                       
0000136d  NOROM_SetupGetTrimForRcOscLfRtuneCtuneTrim                  
00001331  NOROM_SetupGetTrimForXoscHfCtl                              
000014ad  NOROM_SetupGetTrimForXoscHfFastStart                        
000014bd  NOROM_SetupGetTrimForXoscHfIbiastherm                       
00001439  NOROM_SetupGetTrimForXoscLfRegulatorAndCmirrwrRatio         
00001201  NOROM_SetupSetAonRtcSubSecInc                               
000010b1  NOROM_SetupSetCacheModeAccordingToCcfgSetting               
00000dc1  NOROM_SetupSetVddrLevel                                     
00000bd9  NOROM_SetupTrimDevice                                       
00001481  NOROM_ThisCodeIsBuiltForCC13xxHwRev20AndLater_HaltIfViolated
0000118d  NOROM_TimerIntRegister                                      
00001451  NOROM_UARTIntRegister                                       
00001497  ResetISR                                                    
20005000  __STACK_END                                                 
00000100  __STACK_SIZE                                                
20005000  __STACK_TOP                                                 
00000010  __SYSMEM_SIZE                                               
00001550  __TI_CINIT_Base                                             
00001568  __TI_CINIT_Limit                                            
00001530  __TI_Handler_Table_Base                                     
0000153c  __TI_Handler_Table_Limit                                    
00001149  __TI_auto_init_nobinit_nopinit                              
00000fe9  __TI_decompress_lzss                                        
000014cd  __TI_decompress_none                                        
ffffffff  __TI_pprof_out_hndl                                         
ffffffff  __TI_prof_data_size                                         
ffffffff  __TI_prof_data_start                                        
00000000  __TI_static_base__                                          
00001389  __TI_zero_init_nomemset                                     
00000d25  __aeabi_memcpy                                              
00000d25  __aeabi_memcpy4                                             
00000d25  __aeabi_memcpy8                                             
ffffffff  __binit__                                                   
00001518  __c_args__                                                  
0001ffa8  __ccfg                                                      
UNDEFED   __mpu_init                                                  
20004f00  __stack                                                     
20000000  __start___llvm_prf_cnts                                     
20000000  __stop___llvm_prf_cnts                                      
00001469  _args_main                                                  
0000130d  _c_int00                                                    
200000fc  _lock                                                       
00001503  _nop                                                        
20000120  _sys_memory                                                 
UNDEFED   _system_post_cinit                                          
000014fb  _system_pre_init                                            
20000100  _unlock                                                     
000014ff  abort                                                       
0000074d  aligned_alloc                                               
ffffffff  binit                                                       
200000c8  coolingPeriod                                               
200000f0  currentPeriodPtr                                            
00000a31  free                                                        
20000000  g_pfnRAMVectors                                             
00000000  g_pfnVectors                                                
200000dc  heatingPeriod                                               
000008c9  led_setup                                                   
000008a1  led_turn_off                                                
0000086b  led_turn_off_all                                            
00000875  led_turn_on                                                 
00000579  main                                                        
000014f3  malloc                                                      
0000074d  memalign                                                    
00000d25  memcpy                                                      
00001504  rxSize                                                      
200000f4  rxTriggerLevel                                              
20000110  tChosen                                                     
2000010c  tCurrent                                                    
00000577  timer_callback                                              
20000114  timer_callback_function                                     
00000415  timer_enable_interrupt                                      
000003f5  timer_interrupt_handler                                     
00000449  timer_setup                                                 
200000f8  txTriggerLevel                                              
000004e9  uart_callback                                               
20000118  uart_callback_function                                      
000001b7  uart_rx_interrupt_handler                                   
0000019f  uart_send_data                                              
00000241  uart_setup                                                  


GLOBAL SYMBOLS: SORTED BY Symbol Address 

address   name                                                        
-------   ----                                                        
00000000  __TI_static_base__                                          
00000000  g_pfnVectors                                                
00000010  __SYSMEM_SIZE                                               
00000100  __STACK_SIZE                                                
0000019f  uart_send_data                                              
000001b7  uart_rx_interrupt_handler                                   
00000241  uart_setup                                                  
000003f5  timer_interrupt_handler                                     
00000415  timer_enable_interrupt                                      
00000449  timer_setup                                                 
000004e9  uart_callback                                               
00000577  timer_callback                                              
00000579  main                                                        
0000061d  NOROM_SetupAfterColdResetWakeupFromShutDownCfg3             
0000074d  aligned_alloc                                               
0000074d  memalign                                                    
0000086b  led_turn_off_all                                            
00000875  led_turn_on                                                 
000008a1  led_turn_off                                                
000008c9  led_setup                                                   
00000941  NOROM_SetupAfterColdResetWakeupFromShutDownCfg2             
00000a31  free                                                        
00000bd9  NOROM_SetupTrimDevice                                       
00000c81  NOROM_SetupAfterColdResetWakeupFromShutDownCfg1             
00000d25  __aeabi_memcpy                                              
00000d25  __aeabi_memcpy4                                             
00000d25  __aeabi_memcpy8                                             
00000d25  memcpy                                                      
00000dc1  NOROM_SetupSetVddrLevel                                     
00000e35  NOROM_ChipInfo_GetHwRevision                                
00000f15  NOROM_SetupGetTrimForAmpcompCtrl                            
00000f81  NOROM_SetupGetTrimForAnabypassValue1                        
00000fe9  __TI_decompress_lzss                                        
00001051  NOROM_OSCClockSourceSet                                     
000010b1  NOROM_SetupSetCacheModeAccordingToCcfgSetting               
00001101  NOROM_ChipInfo_GetChipFamily                                
00001149  __TI_auto_init_nobinit_nopinit                              
0000118d  NOROM_TimerIntRegister                                      
000011cd  NOROM_IntRegister                                           
00001201  NOROM_SetupSetAonRtcSubSecInc                               
00001261  NOROM_DDI32RegWrite                                         
0000128d  NOROM_OSCClockSourceGet                                     
000012b9  NOROM_SetupGetTrimForRadcExtCfg                             
0000130d  _c_int00                                                    
00001331  NOROM_SetupGetTrimForXoscHfCtl                              
00001351  NOROM_SetupGetTrimForAmpcompTh2                             
0000136d  NOROM_SetupGetTrimForRcOscLfRtuneCtuneTrim                  
00001389  __TI_zero_init_nomemset                                     
000013c1  NOROM_SetupGetTrimForAdcShModeEn                            
000013d9  NOROM_SetupGetTrimForAdcShVbufEn                            
000013f1  NOROM_SetupGetTrimForAmpcompTh1                             
00001409  NOROM_SetupGetTrimForDblrLoopFilterResetVoltage             
00001421  NOROM_SetupGetTrimForRcOscLfIBiasTrim                       
00001439  NOROM_SetupGetTrimForXoscLfRegulatorAndCmirrwrRatio         
00001451  NOROM_UARTIntRegister                                       
00001469  _args_main                                                  
00001481  NOROM_ThisCodeIsBuiltForCC13xxHwRev20AndLater_HaltIfViolated
00001497  ResetISR                                                    
000014ad  NOROM_SetupGetTrimForXoscHfFastStart                        
000014bd  NOROM_SetupGetTrimForXoscHfIbiastherm                       
000014cd  __TI_decompress_none                                        
000014db  NOROM_CPUcpsid                                              
000014e7  NOROM_CPUcpsie                                              
000014f3  malloc                                                      
000014fb  _system_pre_init                                            
000014ff  C$$EXIT                                                     
000014ff  abort                                                       
00001503  _nop                                                        
00001504  rxSize                                                      
00001518  __c_args__                                                  
00001530  __TI_Handler_Table_Base                                     
0000153c  __TI_Handler_Table_Limit                                    
00001550  __TI_CINIT_Base                                             
00001568  __TI_CINIT_Limit                                            
0001ffa8  __ccfg                                                      
20000000  __start___llvm_prf_cnts                                     
20000000  __stop___llvm_prf_cnts                                      
20000000  g_pfnRAMVectors                                             
200000c8  coolingPeriod                                               
200000dc  heatingPeriod                                               
200000f0  currentPeriodPtr                                            
200000f4  rxTriggerLevel                                              
200000f8  txTriggerLevel                                              
200000fc  _lock                                                       
20000100  _unlock                                                     
2000010c  tCurrent                                                    
20000110  tChosen                                                     
20000114  timer_callback_function                                     
20000118  uart_callback_function                                      
20000120  _sys_memory                                                 
20004f00  __stack                                                     
20005000  __STACK_END                                                 
20005000  __STACK_TOP                                                 
ffffffff  __TI_pprof_out_hndl                                         
ffffffff  __TI_prof_data_size                                         
ffffffff  __TI_prof_data_start                                        
ffffffff  __binit__                                                   
ffffffff  binit                                                       
UNDEFED   __mpu_init                                                  
UNDEFED   _system_post_cinit                                          

[100 symbols]
