******************************************************************************
                  TI ARM Linker Unix v20.2.5                   
******************************************************************************
>> Linked Sat Feb  4 15:12:21 2023

OUTPUT FILE NAME:   <Lab4Exercise1.out>
ENTRY POINT SYMBOL: "ResetISR"  address: 00000f7f


MEMORY CONFIGURATION

         name            origin    length      used     unused   attr    fill
----------------------  --------  ---------  --------  --------  ----  --------
  FLASH                 00000000   00020000  00001079  0001ef87  R  X
  GPRAM                 11000000   00002000  00000000  00002000  RW X
  SRAM                  20000000   00005000  000001d0  00004e30  RW X


SEGMENT ALLOCATION MAP

run origin  load origin   length   init length attrs members
----------  ----------- ---------- ----------- ----- -------
00000000    00000000    00000fe9   00000fe9    r-x
  00000000    00000000    000000c8   000000c8    r-- .intvecs
  000000c8    000000c8    00000f1a   00000f1a    r-x .text
  00000fe2    00000fe2    00000007   00000007    r-- .const
00000fec    00000fec    00000008   00000008    rw-
  00000fec    00000fec    00000008   00000008    rw- .args
00000ff8    00000ff8    00000030   00000030    r--
  00000ff8    00000ff8    00000030   00000030    r-- .cinit
0001ffa8    0001ffa8    00000058   00000058    r--
  0001ffa8    0001ffa8    00000058   00000058    r-- .ccfg
20000000    20000000    000000d0   00000000    rw-
  20000000    20000000    000000c8   00000000    rw- .vtable_ram
  200000c8    200000c8    00000008   00000000    rw- .data
20004f00    20004f00    00000100   00000000    rw-
  20004f00    20004f00    00000100   00000000    rw- .stack


SECTION ALLOCATION MAP

 output                                  attributes/
section   page    origin      length       input sections
--------  ----  ----------  ----------   ----------------
.intvecs   0    00000000    000000c8     
                  00000000    000000c8     startup_ccs.obj (.intvecs)

.text      0    000000c8    00000f1a     
                  000000c8    000001d0     timer_module.obj (.text)
                  00000298    00000138     uart_module.obj (.text)
                  000003d0    00000130     driverlib.lib : setup_rom.obj (.text:NOROM_SetupAfterColdResetWakeupFromShutDownCfg3)
                  00000500    000000f0                   : setup_rom.obj (.text:NOROM_SetupAfterColdResetWakeupFromShutDownCfg2)
                  000005f0    000000c0                   : setup.obj (.text:TrimAfterColdResetWakeupFromShutDown)
                  000006b0    000000b4     main.obj (.text)
                  00000764    000000a8     driverlib.lib : setup.obj (.text:NOROM_SetupTrimDevice)
                  0000080c    000000a4                   : setup_rom.obj (.text:NOROM_SetupAfterColdResetWakeupFromShutDownCfg1)
                  000008b0    0000009c     rtsv7M3_T_le_eabi.lib : memcpy_t2.asm.obj (.text)
                  0000094c    00000074     driverlib.lib : setup_rom.obj (.text:NOROM_SetupSetVddrLevel)
                  000009c0    00000070                   : chipinfo.obj (.text:NOROM_ChipInfo_GetHwRevision)
                  00000a30    0000006c                   : setup_rom.obj (.text:NOROM_SetupGetTrimForAmpcompCtrl)
                  00000a9c    00000068                   : setup_rom.obj (.text:NOROM_SetupGetTrimForAnabypassValue1)
                  00000b04    00000068     rtsv7M3_T_le_eabi.lib : copy_decompress_lzss.c.obj (.text:decompress:lzss:__TI_decompress_lzss)
                  00000b6c    00000060     driverlib.lib : osc.obj (.text:NOROM_OSCClockSourceSet)
                  00000bcc    00000050                   : setup_rom.obj (.text:NOROM_SetupSetCacheModeAccordingToCcfgSetting)
                  00000c1c    00000048                   : chipinfo.obj (.text:NOROM_ChipInfo_GetChipFamily)
                  00000c64    00000044     rtsv7M3_T_le_eabi.lib : autoinit.c.obj (.text:__TI_auto_init_nobinit_nopinit:__TI_auto_init_nobinit_nopinit)
                  00000ca8    00000040     driverlib.lib : timer.obj (.text:NOROM_TimerIntRegister)
                  00000ce8    00000034                   : interrupt.obj (.text:NOROM_IntRegister)
                  00000d1c    00000030                   : setup_rom.obj (.text:NOROM_SetupSetAonRtcSubSecInc)
                  00000d4c    00000030                   : timer.obj (.text:TimerIntNumberGet)
                  00000d7c    0000002c                   : ddi.obj (.text:NOROM_DDI32RegWrite)
                  00000da8    0000002c                   : osc.obj (.text:NOROM_OSCClockSourceGet)
                  00000dd4    0000002c                   : setup_rom.obj (.text:NOROM_SetupGetTrimForRadcExtCfg)
                  00000e00    00000028                   : aon_batmon.obj (.text:NOROM_AONBatMonTemperatureGetDegC)
                  00000e28    00000024     rtsv7M3_T_le_eabi.lib : boot_cortex_m.c.obj (.text:_c_int00:_c_int00)
                  00000e4c    00000020     driverlib.lib : setup_rom.obj (.text:NOROM_SetupGetTrimForXoscHfCtl)
                  00000e6c    0000001c                   : setup_rom.obj (.text:NOROM_SetupGetTrimForAmpcompTh2)
                  00000e88    0000001c                   : setup_rom.obj (.text:NOROM_SetupGetTrimForRcOscLfRtuneCtuneTrim)
                  00000ea4    0000001c     rtsv7M3_T_le_eabi.lib : copy_zero_init.c.obj (.text:decompress:ZI:__TI_zero_init_nomemset:__TI_zero_init_nomemset)
                  00000ec0    00000018     driverlib.lib : setup_rom.obj (.text:NOROM_SetupGetTrimForAdcShModeEn)
                  00000ed8    00000018                   : setup_rom.obj (.text:NOROM_SetupGetTrimForAdcShVbufEn)
                  00000ef0    00000018                   : setup_rom.obj (.text:NOROM_SetupGetTrimForAmpcompTh1)
                  00000f08    00000018                   : setup_rom.obj (.text:NOROM_SetupGetTrimForDblrLoopFilterResetVoltage)
                  00000f20    00000018                   : setup_rom.obj (.text:NOROM_SetupGetTrimForRcOscLfIBiasTrim)
                  00000f38    00000018                   : setup_rom.obj (.text:NOROM_SetupGetTrimForXoscLfRegulatorAndCmirrwrRatio)
                  00000f50    00000018     rtsv7M3_T_le_eabi.lib : args_main.c.obj (.text:_args_main)
                  00000f68    00000016     driverlib.lib : chipinfo.obj (.text:NOROM_ThisCodeIsBuiltForCC13xxHwRev20AndLater_HaltIfViolated)
                  00000f7e    00000016     startup_ccs.obj (.text)
                  00000f94    00000010     driverlib.lib : setup_rom.obj (.text:NOROM_SetupGetTrimForXoscHfFastStart)
                  00000fa4    00000010                   : setup_rom.obj (.text:NOROM_SetupGetTrimForXoscHfIbiastherm)
                  00000fb4    0000000e     rtsv7M3_T_le_eabi.lib : copy_decompress_none.c.obj (.text:decompress:none:__TI_decompress_none)
                  00000fc2    0000000c     driverlib.lib : cpu.obj (.text:NOROM_CPUcpsid)
                  00000fce    0000000c                   : cpu.obj (.text:NOROM_CPUcpsie)
                  00000fda    00000004     rtsv7M3_T_le_eabi.lib : pre_init.c.obj (.text:_system_pre_init)
                  00000fde    00000004                           : exit.c.obj (.text:abort:abort)

.const     0    00000fe2    00000007     
                  00000fe2    00000007     main.obj (.const:.string:$P$T0$1)

.binit     0    00000000    00000000     

.cinit     0    00000ff8    00000030     
                  00000ff8    0000000c     (__TI_handler_table)
                  00001004    00000004     --HOLE-- [fill = 0]
                  00001008    00000008     (.cinit..vtable_ram.load) [load image, compression = zero_init]
                  00001010    00000007     (.cinit..data.load) [load image, compression = lzss]
                  00001017    00000001     --HOLE-- [fill = 0]
                  00001018    00000010     (__TI_cinit_table)

.init_array 
*          0    00000000    00000000     UNINITIALIZED

.ccfg      0    0001ffa8    00000058     
                  0001ffa8    00000058     ccfg.obj (.ccfg:retain)

.vtable_ram 
*          0    20000000    000000c8     UNINITIALIZED
                  20000000    000000c8     driverlib.lib : interrupt.obj (.vtable_ram)

.data      0    200000c8    00000008     UNINITIALIZED
                  200000c8    00000008     timer_module.obj (.data)

.stack     0    20004f00    00000100     UNINITIALIZED
                  20004f00    00000004     rtsv7M3_T_le_eabi.lib : boot_cortex_m.c.obj (.stack)
                  20004f04    000000fc     --HOLE--

__llvm_prf_cnts 
*          0    20000000    00000000     UNINITIALIZED

.args      0    00000fec    00000008     
                  00000fec    00000008     --HOLE-- [fill = 0]

MODULE SUMMARY

       Module                       code   ro data   rw data
       ------                       ----   -------   -------
    ./
       timer_module.obj             464    0         8      
       uart_module.obj              312    0         0      
       startup_ccs.obj              22     200       0      
       main.obj                     180    7         0      
       ccfg.obj                     0      88        0      
    +--+----------------------------+------+---------+---------+
       Total:                       978    295       8      
                                                            
    /opt/ti/ccs1040/ccs/tools/compiler/ti-cgt-arm_20.2.5.LTS/lib/rtsv7M3_T_le_eabi.lib
       memcpy_t2.asm.obj            156    0         0      
       copy_decompress_lzss.c.obj   104    0         0      
       autoinit.c.obj               68     0         0      
       boot_cortex_m.c.obj          36     0         0      
       copy_zero_init.c.obj         28     0         0      
       args_main.c.obj              24     0         0      
       copy_decompress_none.c.obj   14     0         0      
       exit.c.obj                   4      0         0      
       pre_init.c.obj               4      0         0      
    +--+----------------------------+------+---------+---------+
       Total:                       438    0         0      
                                                            
    /opt/ti/tirtos_cc13xx_cc26xx_2_21_01_08/products/cc13xxware_2_04_03_17272/driverlib/bin/ccs/driverlib.lib
       setup_rom.obj                1472   0         0      
       setup.obj                    360    0         0      
       interrupt.obj                52     0         200    
       chipinfo.obj                 206    0         0      
       osc.obj                      140    0         0      
       timer.obj                    112    0         0      
       ddi.obj                      44     0         0      
       aon_batmon.obj               40     0         0      
       cpu.obj                      24     0         0      
    +--+----------------------------+------+---------+---------+
       Total:                       2450   0         200    
                                                            
       Stack:                       0      0         256    
       Linker Generated:            0      43        0      
    +--+----------------------------+------+---------+---------+
       Grand Total:                 3866   338       464    


LINKER GENERATED COPY TABLES

__TI_cinit_table @ 00001018 records: 2, size/record: 8, table size: 16
	.vtable_ram: load addr=00001008, load size=00000008 bytes, run addr=20000000, run size=000000c8 bytes, compression=zero_init
	.data: load addr=00001010, load size=00000007 bytes, run addr=200000c8, run size=00000008 bytes, compression=lzss


LINKER GENERATED HANDLER TABLE

__TI_handler_table @ 00000ff8 records: 3, size/record: 4, table size: 12
	index: 0, handler: __TI_zero_init
	index: 1, handler: __TI_decompress_lzss
	index: 2, handler: __TI_decompress_none


GLOBAL SYMBOLS: SORTED ALPHABETICALLY BY Name 

address   name                                                        
-------   ----                                                        
00000fdf  C$$EXIT                                                     
00000e01  NOROM_AONBatMonTemperatureGetDegC                           
00000fc3  NOROM_CPUcpsid                                              
00000fcf  NOROM_CPUcpsie                                              
00000c1d  NOROM_ChipInfo_GetChipFamily                                
000009c1  NOROM_ChipInfo_GetHwRevision                                
00000d7d  NOROM_DDI32RegWrite                                         
00000ce9  NOROM_IntRegister                                           
00000da9  NOROM_OSCClockSourceGet                                     
00000b6d  NOROM_OSCClockSourceSet                                     
0000080d  NOROM_SetupAfterColdResetWakeupFromShutDownCfg1             
00000501  NOROM_SetupAfterColdResetWakeupFromShutDownCfg2             
000003d1  NOROM_SetupAfterColdResetWakeupFromShutDownCfg3             
00000ec1  NOROM_SetupGetTrimForAdcShModeEn                            
00000ed9  NOROM_SetupGetTrimForAdcShVbufEn                            
00000a31  NOROM_SetupGetTrimForAmpcompCtrl                            
00000ef1  NOROM_SetupGetTrimForAmpcompTh1                             
00000e6d  NOROM_SetupGetTrimForAmpcompTh2                             
00000a9d  NOROM_SetupGetTrimForAnabypassValue1                        
00000f09  NOROM_SetupGetTrimForDblrLoopFilterResetVoltage             
00000dd5  NOROM_SetupGetTrimForRadcExtCfg                             
00000f21  NOROM_SetupGetTrimForRcOscLfIBiasTrim                       
00000e89  NOROM_SetupGetTrimForRcOscLfRtuneCtuneTrim                  
00000e4d  NOROM_SetupGetTrimForXoscHfCtl                              
00000f95  NOROM_SetupGetTrimForXoscHfFastStart                        
00000fa5  NOROM_SetupGetTrimForXoscHfIbiastherm                       
00000f39  NOROM_SetupGetTrimForXoscLfRegulatorAndCmirrwrRatio         
00000d1d  NOROM_SetupSetAonRtcSubSecInc                               
00000bcd  NOROM_SetupSetCacheModeAccordingToCcfgSetting               
0000094d  NOROM_SetupSetVddrLevel                                     
00000765  NOROM_SetupTrimDevice                                       
00000f69  NOROM_ThisCodeIsBuiltForCC13xxHwRev20AndLater_HaltIfViolated
00000ca9  NOROM_TimerIntRegister                                      
00000f7f  ResetISR                                                    
20005000  __STACK_END                                                 
00000100  __STACK_SIZE                                                
20005000  __STACK_TOP                                                 
00001018  __TI_CINIT_Base                                             
00001028  __TI_CINIT_Limit                                            
00000ff8  __TI_Handler_Table_Base                                     
00001004  __TI_Handler_Table_Limit                                    
00000c65  __TI_auto_init_nobinit_nopinit                              
00000b05  __TI_decompress_lzss                                        
00000fb5  __TI_decompress_none                                        
ffffffff  __TI_pprof_out_hndl                                         
ffffffff  __TI_prof_data_size                                         
ffffffff  __TI_prof_data_start                                        
00000000  __TI_static_base__                                          
00000ea5  __TI_zero_init_nomemset                                     
000008b1  __aeabi_memcpy                                              
000008b1  __aeabi_memcpy4                                             
000008b1  __aeabi_memcpy8                                             
ffffffff  __binit__                                                   
00000fec  __c_args__                                                  
0001ffa8  __ccfg                                                      
UNDEFED   __mpu_init                                                  
20004f00  __stack                                                     
20000000  __start___llvm_prf_cnts                                     
20000000  __stop___llvm_prf_cnts                                      
00000f51  _args_main                                                  
00000e29  _c_int00                                                    
UNDEFED   _system_post_cinit                                          
00000fdb  _system_pre_init                                            
00000fdf  abort                                                       
ffffffff  binit                                                       
200000c8  callback                                                    
000006c5  convert_to_char                                             
200000cc  delay                                                       
20000000  g_pfnRAMVectors                                             
00000000  g_pfnVectors                                                
00000739  main                                                        
000008b1  memcpy                                                      
00000709  timerCallback                                               
00000181  timer_interrupt_fn                                          
000001d5  timer_setup                                                 
000002f1  uart_send_data                                              
0000031f  uart_setup                                                  


GLOBAL SYMBOLS: SORTED BY Symbol Address 

address   name                                                        
-------   ----                                                        
00000000  __TI_static_base__                                          
00000000  g_pfnVectors                                                
00000100  __STACK_SIZE                                                
00000181  timer_interrupt_fn                                          
000001d5  timer_setup                                                 
000002f1  uart_send_data                                              
0000031f  uart_setup                                                  
000003d1  NOROM_SetupAfterColdResetWakeupFromShutDownCfg3             
00000501  NOROM_SetupAfterColdResetWakeupFromShutDownCfg2             
000006c5  convert_to_char                                             
00000709  timerCallback                                               
00000739  main                                                        
00000765  NOROM_SetupTrimDevice                                       
0000080d  NOROM_SetupAfterColdResetWakeupFromShutDownCfg1             
000008b1  __aeabi_memcpy                                              
000008b1  __aeabi_memcpy4                                             
000008b1  __aeabi_memcpy8                                             
000008b1  memcpy                                                      
0000094d  NOROM_SetupSetVddrLevel                                     
000009c1  NOROM_ChipInfo_GetHwRevision                                
00000a31  NOROM_SetupGetTrimForAmpcompCtrl                            
00000a9d  NOROM_SetupGetTrimForAnabypassValue1                        
00000b05  __TI_decompress_lzss                                        
00000b6d  NOROM_OSCClockSourceSet                                     
00000bcd  NOROM_SetupSetCacheModeAccordingToCcfgSetting               
00000c1d  NOROM_ChipInfo_GetChipFamily                                
00000c65  __TI_auto_init_nobinit_nopinit                              
00000ca9  NOROM_TimerIntRegister                                      
00000ce9  NOROM_IntRegister                                           
00000d1d  NOROM_SetupSetAonRtcSubSecInc                               
00000d7d  NOROM_DDI32RegWrite                                         
00000da9  NOROM_OSCClockSourceGet                                     
00000dd5  NOROM_SetupGetTrimForRadcExtCfg                             
00000e01  NOROM_AONBatMonTemperatureGetDegC                           
00000e29  _c_int00                                                    
00000e4d  NOROM_SetupGetTrimForXoscHfCtl                              
00000e6d  NOROM_SetupGetTrimForAmpcompTh2                             
00000e89  NOROM_SetupGetTrimForRcOscLfRtuneCtuneTrim                  
00000ea5  __TI_zero_init_nomemset                                     
00000ec1  NOROM_SetupGetTrimForAdcShModeEn                            
00000ed9  NOROM_SetupGetTrimForAdcShVbufEn                            
00000ef1  NOROM_SetupGetTrimForAmpcompTh1                             
00000f09  NOROM_SetupGetTrimForDblrLoopFilterResetVoltage             
00000f21  NOROM_SetupGetTrimForRcOscLfIBiasTrim                       
00000f39  NOROM_SetupGetTrimForXoscLfRegulatorAndCmirrwrRatio         
00000f51  _args_main                                                  
00000f69  NOROM_ThisCodeIsBuiltForCC13xxHwRev20AndLater_HaltIfViolated
00000f7f  ResetISR                                                    
00000f95  NOROM_SetupGetTrimForXoscHfFastStart                        
00000fa5  NOROM_SetupGetTrimForXoscHfIbiastherm                       
00000fb5  __TI_decompress_none                                        
00000fc3  NOROM_CPUcpsid                                              
00000fcf  NOROM_CPUcpsie                                              
00000fdb  _system_pre_init                                            
00000fdf  C$$EXIT                                                     
00000fdf  abort                                                       
00000fec  __c_args__                                                  
00000ff8  __TI_Handler_Table_Base                                     
00001004  __TI_Handler_Table_Limit                                    
00001018  __TI_CINIT_Base                                             
00001028  __TI_CINIT_Limit                                            
0001ffa8  __ccfg                                                      
20000000  __start___llvm_prf_cnts                                     
20000000  __stop___llvm_prf_cnts                                      
20000000  g_pfnRAMVectors                                             
200000c8  callback                                                    
200000cc  delay                                                       
20004f00  __stack                                                     
20005000  __STACK_END                                                 
20005000  __STACK_TOP                                                 
ffffffff  __TI_pprof_out_hndl                                         
ffffffff  __TI_prof_data_size                                         
ffffffff  __TI_prof_data_start                                        
ffffffff  __binit__                                                   
ffffffff  binit                                                       
UNDEFED   __mpu_init                                                  
UNDEFED   _system_post_cinit                                          

[77 symbols]
