******************************************************************************
                  TI ARM Linker PC v20.2.7                     
******************************************************************************
>> Linked Sun Jan 22 20:50:22 2023

OUTPUT FILE NAME:   <timer.out>
ENTRY POINT SYMBOL: "ResetISR"  address: 00000cdd


MEMORY CONFIGURATION

         name            origin    length      used     unused   attr    fill
----------------------  --------  ---------  --------  --------  ----  --------
  FLASH                 00000000   00020000  00000db4  0001f24c  R  X
  GPRAM                 11000000   00002000  00000000  00002000  RW X
  SRAM                  20000000   00005000  000001c8  00004e38  RW X


SEGMENT ALLOCATION MAP

run origin  load origin   length   init length attrs members
----------  ----------- ---------- ----------- ----- -------
00000000    00000000    00000d40   00000d40    r-x
  00000000    00000000    000000c8   000000c8    r-- .intvecs
  000000c8    000000c8    00000c78   00000c78    r-x .text
00000d40    00000d40    00000008   00000008    rw-
  00000d40    00000d40    00000008   00000008    rw- .args
00000d48    00000d48    00000014   00000014    r--
  00000d48    00000d48    00000014   00000014    r-- .cinit
0001ffa8    0001ffa8    00000058   00000058    r--
  0001ffa8    0001ffa8    00000058   00000058    r-- .ccfg
20000000    20000000    000000c8   00000000    rw-
  20000000    20000000    000000c8   00000000    rw- .vtable_ram
20004f00    20004f00    00000100   00000000    rw-
  20004f00    20004f00    00000100   00000000    rw- .stack


SECTION ALLOCATION MAP

 output                                  attributes/
section   page    origin      length       input sections
--------  ----  ----------  ----------   ----------------
.intvecs   0    00000000    000000c8     
                  00000000    000000c8     startup_ccs.obj (.intvecs)

.text      0    000000c8    00000c78     
                  000000c8    00000130     driverlib.lib : setup_rom.obj (.text:NOROM_SetupAfterColdResetWakeupFromShutDownCfg3)
                  000001f8    000000f0                   : setup_rom.obj (.text:NOROM_SetupAfterColdResetWakeupFromShutDownCfg2)
                  000002e8    000000c0                   : setup.obj (.text:TrimAfterColdResetWakeupFromShutDown)
                  000003a8    000000b4     presentation.obj (.text:timer_setup)
                  0000045c    000000a8     driverlib.lib : setup.obj (.text:NOROM_SetupTrimDevice)
                  00000504    000000a4                   : setup_rom.obj (.text:NOROM_SetupAfterColdResetWakeupFromShutDownCfg1)
                  000005a8    00000074                   : setup_rom.obj (.text:NOROM_SetupSetVddrLevel)
                  0000061c    00000070                   : chipinfo.obj (.text:NOROM_ChipInfo_GetHwRevision)
                  0000068c    0000006c                   : setup_rom.obj (.text:NOROM_SetupGetTrimForAmpcompCtrl)
                  000006f8    00000068                   : setup_rom.obj (.text:NOROM_SetupGetTrimForAnabypassValue1)
                  00000760    00000060                   : osc.obj (.text:NOROM_OSCClockSourceSet)
                  000007c0    00000054     presentation.obj (.text:led_setup)
                  00000814    00000050     driverlib.lib : setup_rom.obj (.text:NOROM_SetupSetCacheModeAccordingToCcfgSetting)
                  00000864    00000048                   : chipinfo.obj (.text:NOROM_ChipInfo_GetChipFamily)
                  000008ac    00000044     rtsv7M3_T_le_eabi.lib : autoinit.c.obj (.text:__TI_auto_init_nobinit_nopinit:__TI_auto_init_nobinit_nopinit)
                  000008f0    00000040     driverlib.lib : timer.obj (.text:NOROM_TimerIntRegister)
                  00000930    00000034                   : interrupt.obj (.text:NOROM_IntRegister)
                  00000964    00000030                   : setup_rom.obj (.text:NOROM_SetupSetAonRtcSubSecInc)
                  00000994    00000030                   : timer.obj (.text:TimerIntNumberGet)
                  000009c4    0000002c                   : ddi.obj (.text:NOROM_DDI32RegWrite)
                  000009f0    0000002c                   : osc.obj (.text:NOROM_OSCClockSourceGet)
                  00000a1c    0000002c                   : setup_rom.obj (.text:NOROM_SetupGetTrimForRadcExtCfg)
                  00000a48    0000002a     presentation.obj (.text:TimerLoadSet)
                  00000a72    0000002a     presentation.obj (.text:TimerPrescaleSet)
                  00000a9c    00000024     rtsv7M3_T_le_eabi.lib : boot_cortex_m.c.obj (.text:_c_int00:_c_int00)
                  00000ac0    00000020     driverlib.lib : setup_rom.obj (.text:NOROM_SetupGetTrimForXoscHfCtl)
                  00000ae0    0000001e     presentation.obj (.text:TimerEnable)
                  00000afe    00000002     startup_ccs.obj (.text:FaultISR)
                  00000b00    0000001c     presentation.obj (.text:GPIO_setOutputEnableDio)
                  00000b1c    0000001c     driverlib.lib : setup_rom.obj (.text:NOROM_SetupGetTrimForAmpcompTh2)
                  00000b38    0000001c                   : setup_rom.obj (.text:NOROM_SetupGetTrimForRcOscLfRtuneCtuneTrim)
                  00000b54    0000001c     presentation.obj (.text:PRCMLoadGet)
                  00000b70    0000001c     rtsv7M3_T_le_eabi.lib : copy_zero_init.c.obj (.text:decompress:ZI:__TI_zero_init_nomemset:__TI_zero_init_nomemset)
                  00000b8c    00000018     presentation.obj (.text:GPIO_toggleDio)
                  00000ba4    00000018     driverlib.lib : setup_rom.obj (.text:NOROM_SetupGetTrimForAdcShModeEn)
                  00000bbc    00000018                   : setup_rom.obj (.text:NOROM_SetupGetTrimForAdcShVbufEn)
                  00000bd4    00000018                   : setup_rom.obj (.text:NOROM_SetupGetTrimForAmpcompTh1)
                  00000bec    00000018                   : setup_rom.obj (.text:NOROM_SetupGetTrimForDblrLoopFilterResetVoltage)
                  00000c04    00000018                   : setup_rom.obj (.text:NOROM_SetupGetTrimForRcOscLfIBiasTrim)
                  00000c1c    00000018                   : setup_rom.obj (.text:NOROM_SetupGetTrimForXoscLfRegulatorAndCmirrwrRatio)
                  00000c34    00000018     presentation.obj (.text:TimerIntEnable)
                  00000c4c    00000018     rtsv7M3_T_le_eabi.lib : args_main.c.obj (.text:_args_main)
                  00000c64    00000018     presentation.obj (.text:interrupt_fn)
                  00000c7c    00000016     driverlib.lib : chipinfo.obj (.text:NOROM_ThisCodeIsBuiltForCC13xxHwRev20AndLater_HaltIfViolated)
                  00000c92    00000002     startup_ccs.obj (.text:IntDefaultHandler)
                  00000c94    00000014     presentation.obj (.text:PRCMGPTimerClockDivisionSet)
                  00000ca8    00000012     presentation.obj (.text:TimerIntClear)
                  00000cba    00000002     startup_ccs.obj (.text:NmiSR)
                  00000cbc    00000010     driverlib.lib : setup_rom.obj (.text:NOROM_SetupGetTrimForXoscHfFastStart)
                  00000ccc    00000010                   : setup_rom.obj (.text:NOROM_SetupGetTrimForXoscHfIbiastherm)
                  00000cdc    00000010     startup_ccs.obj (.text:ResetISR)
                  00000cec    0000000e     main.obj (.text:main)
                  00000cfa    0000000c     driverlib.lib : cpu.obj (.text:NOROM_CPUcpsid)
                  00000d06    0000000c                   : cpu.obj (.text:NOROM_CPUcpsie)
                  00000d12    00000002     --HOLE-- [fill = 0]
                  00000d14    0000000c     presentation.obj (.text:PRCMLoadSet)
                  00000d20    0000000c     presentation.obj (.text:runpresentation)
                  00000d2c    00000008     main.obj (.text:PRCMSleep)
                  00000d34    00000004     main.obj (.text:CPUwfi)
                  00000d38    00000004     rtsv7M3_T_le_eabi.lib : pre_init.c.obj (.text:_system_pre_init)
                  00000d3c    00000004                           : exit.c.obj (.text:abort:abort)

.binit     0    00000000    00000000     

.cinit     0    00000d48    00000014     
                  00000d48    00000008     (.cinit..vtable_ram.load) [load image, compression = zero_init]
                  00000d50    00000004     (__TI_handler_table)
                  00000d54    00000008     (__TI_cinit_table)

.init_array 
*          0    00000000    00000000     UNINITIALIZED

.ccfg      0    0001ffa8    00000058     
                  0001ffa8    00000058     ccfg.obj (.ccfg:retain)

.vtable_ram 
*          0    20000000    000000c8     UNINITIALIZED
                  20000000    000000c8     driverlib.lib : interrupt.obj (.vtable_ram)

.stack     0    20004f00    00000100     UNINITIALIZED
                  20004f00    00000004     rtsv7M3_T_le_eabi.lib : boot_cortex_m.c.obj (.stack)
                  20004f04    000000fc     --HOLE--

__llvm_prf_cnts 
*          0    20000000    00000000     UNINITIALIZED

.args      0    00000d40    00000008     
                  00000d40    00000008     --HOLE-- [fill = 0]

MODULE SUMMARY

       Module                 code   ro data   rw data
       ------                 ----   -------   -------
    .\
       presentation.obj       568    0         0      
       startup_ccs.obj        22     200       0      
       ccfg.obj               0      88        0      
       main.obj               26     0         0      
    +--+----------------------+------+---------+---------+
       Total:                 616    288       0      
                                                      
    C:/ti/tirtos_cc13xx_cc26xx_2_21_01_08/products/cc13xxware_2_04_03_17272/driverlib/bin/ccs/driverlib.lib
       setup_rom.obj          1472   0         0      
       setup.obj              360    0         0      
       interrupt.obj          52     0         200    
       chipinfo.obj           206    0         0      
       osc.obj                140    0         0      
       timer.obj              112    0         0      
       ddi.obj                44     0         0      
       cpu.obj                24     0         0      
    +--+----------------------+------+---------+---------+
       Total:                 2410   0         200    
                                                      
    C:\ti\ccs1040\ccs\tools\compiler\ti-cgt-arm_20.2.7.LTS\lib\rtsv7M3_T_le_eabi.lib
       autoinit.c.obj         68     0         0      
       boot_cortex_m.c.obj    36     0         0      
       copy_zero_init.c.obj   28     0         0      
       args_main.c.obj        24     0         0      
       exit.c.obj             4      0         0      
       pre_init.c.obj         4      0         0      
    +--+----------------------+------+---------+---------+
       Total:                 164    0         0      
                                                      
       Stack:                 0      0         256    
       Linker Generated:      0      20        0      
    +--+----------------------+------+---------+---------+
       Grand Total:           3190   308       456    


LINKER GENERATED COPY TABLES

__TI_cinit_table @ 00000d54 records: 1, size/record: 8, table size: 8
	.vtable_ram: load addr=00000d48, load size=00000008 bytes, run addr=20000000, run size=000000c8 bytes, compression=zero_init


LINKER GENERATED HANDLER TABLE

__TI_handler_table @ 00000d50 records: 1, size/record: 4, table size: 4
	index: 0, handler: __TI_zero_init


GLOBAL SYMBOLS: SORTED ALPHABETICALLY BY Name 

address   name                                                        
-------   ----                                                        
00000d3d  C$$EXIT                                                     
00000cfb  NOROM_CPUcpsid                                              
00000d07  NOROM_CPUcpsie                                              
00000865  NOROM_ChipInfo_GetChipFamily                                
0000061d  NOROM_ChipInfo_GetHwRevision                                
000009c5  NOROM_DDI32RegWrite                                         
00000931  NOROM_IntRegister                                           
000009f1  NOROM_OSCClockSourceGet                                     
00000761  NOROM_OSCClockSourceSet                                     
00000505  NOROM_SetupAfterColdResetWakeupFromShutDownCfg1             
000001f9  NOROM_SetupAfterColdResetWakeupFromShutDownCfg2             
000000c9  NOROM_SetupAfterColdResetWakeupFromShutDownCfg3             
00000ba5  NOROM_SetupGetTrimForAdcShModeEn                            
00000bbd  NOROM_SetupGetTrimForAdcShVbufEn                            
0000068d  NOROM_SetupGetTrimForAmpcompCtrl                            
00000bd5  NOROM_SetupGetTrimForAmpcompTh1                             
00000b1d  NOROM_SetupGetTrimForAmpcompTh2                             
000006f9  NOROM_SetupGetTrimForAnabypassValue1                        
00000bed  NOROM_SetupGetTrimForDblrLoopFilterResetVoltage             
00000a1d  NOROM_SetupGetTrimForRadcExtCfg                             
00000c05  NOROM_SetupGetTrimForRcOscLfIBiasTrim                       
00000b39  NOROM_SetupGetTrimForRcOscLfRtuneCtuneTrim                  
00000ac1  NOROM_SetupGetTrimForXoscHfCtl                              
00000cbd  NOROM_SetupGetTrimForXoscHfFastStart                        
00000ccd  NOROM_SetupGetTrimForXoscHfIbiastherm                       
00000c1d  NOROM_SetupGetTrimForXoscLfRegulatorAndCmirrwrRatio         
00000965  NOROM_SetupSetAonRtcSubSecInc                               
00000815  NOROM_SetupSetCacheModeAccordingToCcfgSetting               
000005a9  NOROM_SetupSetVddrLevel                                     
0000045d  NOROM_SetupTrimDevice                                       
00000c7d  NOROM_ThisCodeIsBuiltForCC13xxHwRev20AndLater_HaltIfViolated
000008f1  NOROM_TimerIntRegister                                      
00000cdd  ResetISR                                                    
20005000  __STACK_END                                                 
00000100  __STACK_SIZE                                                
20005000  __STACK_TOP                                                 
00000d54  __TI_CINIT_Base                                             
00000d5c  __TI_CINIT_Limit                                            
00000d50  __TI_Handler_Table_Base                                     
00000d54  __TI_Handler_Table_Limit                                    
000008ad  __TI_auto_init_nobinit_nopinit                              
ffffffff  __TI_pprof_out_hndl                                         
ffffffff  __TI_prof_data_size                                         
ffffffff  __TI_prof_data_start                                        
00000000  __TI_static_base__                                          
00000b71  __TI_zero_init_nomemset                                     
ffffffff  __binit__                                                   
00000d40  __c_args__                                                  
0001ffa8  __ccfg                                                      
UNDEFED   __mpu_init                                                  
20004f00  __stack                                                     
20000000  __start___llvm_prf_cnts                                     
20000000  __stop___llvm_prf_cnts                                      
00000c4d  _args_main                                                  
00000a9d  _c_int00                                                    
UNDEFED   _system_post_cinit                                          
00000d39  _system_pre_init                                            
00000d3d  abort                                                       
ffffffff  binit                                                       
20000000  g_pfnRAMVectors                                             
00000000  g_pfnVectors                                                
00000c65  interrupt_fn                                                
000007c1  led_setup                                                   
00000ced  main                                                        
00000d21  runpresentation                                             
000003a9  timer_setup                                                 


GLOBAL SYMBOLS: SORTED BY Symbol Address 

address   name                                                        
-------   ----                                                        
00000000  __TI_static_base__                                          
00000000  g_pfnVectors                                                
000000c9  NOROM_SetupAfterColdResetWakeupFromShutDownCfg3             
00000100  __STACK_SIZE                                                
000001f9  NOROM_SetupAfterColdResetWakeupFromShutDownCfg2             
000003a9  timer_setup                                                 
0000045d  NOROM_SetupTrimDevice                                       
00000505  NOROM_SetupAfterColdResetWakeupFromShutDownCfg1             
000005a9  NOROM_SetupSetVddrLevel                                     
0000061d  NOROM_ChipInfo_GetHwRevision                                
0000068d  NOROM_SetupGetTrimForAmpcompCtrl                            
000006f9  NOROM_SetupGetTrimForAnabypassValue1                        
00000761  NOROM_OSCClockSourceSet                                     
000007c1  led_setup                                                   
00000815  NOROM_SetupSetCacheModeAccordingToCcfgSetting               
00000865  NOROM_ChipInfo_GetChipFamily                                
000008ad  __TI_auto_init_nobinit_nopinit                              
000008f1  NOROM_TimerIntRegister                                      
00000931  NOROM_IntRegister                                           
00000965  NOROM_SetupSetAonRtcSubSecInc                               
000009c5  NOROM_DDI32RegWrite                                         
000009f1  NOROM_OSCClockSourceGet                                     
00000a1d  NOROM_SetupGetTrimForRadcExtCfg                             
00000a9d  _c_int00                                                    
00000ac1  NOROM_SetupGetTrimForXoscHfCtl                              
00000b1d  NOROM_SetupGetTrimForAmpcompTh2                             
00000b39  NOROM_SetupGetTrimForRcOscLfRtuneCtuneTrim                  
00000b71  __TI_zero_init_nomemset                                     
00000ba5  NOROM_SetupGetTrimForAdcShModeEn                            
00000bbd  NOROM_SetupGetTrimForAdcShVbufEn                            
00000bd5  NOROM_SetupGetTrimForAmpcompTh1                             
00000bed  NOROM_SetupGetTrimForDblrLoopFilterResetVoltage             
00000c05  NOROM_SetupGetTrimForRcOscLfIBiasTrim                       
00000c1d  NOROM_SetupGetTrimForXoscLfRegulatorAndCmirrwrRatio         
00000c4d  _args_main                                                  
00000c65  interrupt_fn                                                
00000c7d  NOROM_ThisCodeIsBuiltForCC13xxHwRev20AndLater_HaltIfViolated
00000cbd  NOROM_SetupGetTrimForXoscHfFastStart                        
00000ccd  NOROM_SetupGetTrimForXoscHfIbiastherm                       
00000cdd  ResetISR                                                    
00000ced  main                                                        
00000cfb  NOROM_CPUcpsid                                              
00000d07  NOROM_CPUcpsie                                              
00000d21  runpresentation                                             
00000d39  _system_pre_init                                            
00000d3d  C$$EXIT                                                     
00000d3d  abort                                                       
00000d40  __c_args__                                                  
00000d50  __TI_Handler_Table_Base                                     
00000d54  __TI_CINIT_Base                                             
00000d54  __TI_Handler_Table_Limit                                    
00000d5c  __TI_CINIT_Limit                                            
0001ffa8  __ccfg                                                      
20000000  __start___llvm_prf_cnts                                     
20000000  __stop___llvm_prf_cnts                                      
20000000  g_pfnRAMVectors                                             
20004f00  __stack                                                     
20005000  __STACK_END                                                 
20005000  __STACK_TOP                                                 
ffffffff  __TI_pprof_out_hndl                                         
ffffffff  __TI_prof_data_size                                         
ffffffff  __TI_prof_data_start                                        
ffffffff  __binit__                                                   
ffffffff  binit                                                       
UNDEFED   __mpu_init                                                  
UNDEFED   _system_post_cinit                                          

[66 symbols]
