******************************************************************************
                  TI ARM Linker PC v20.2.7                     
******************************************************************************
>> Linked Sun Jan 22 18:22:54 2023

OUTPUT FILE NAME:   <serialInterrupt.out>
ENTRY POINT SYMBOL: "ResetISR"  address: 00000c41


MEMORY CONFIGURATION

         name            origin    length      used     unused   attr    fill
----------------------  --------  ---------  --------  --------  ----  --------
  FLASH                 00000000   00020000  00000d0e  0001f2f2  R  X
  GPRAM                 11000000   00002000  00000000  00002000  RW X
  SRAM                  20000000   00005000  000001c8  00004e38  RW X


SEGMENT ALLOCATION MAP

run origin  load origin   length   init length attrs members
----------  ----------- ---------- ----------- ----- -------
00000000    00000000    00000c9a   00000c9a    r-x
  00000000    00000000    000000c8   000000c8    r-- .intvecs
  000000c8    000000c8    00000bd2   00000bd2    r-x .text
00000c9c    00000c9c    00000008   00000008    rw-
  00000c9c    00000c9c    00000008   00000008    rw- .args
00000ca8    00000ca8    00000014   00000014    r--
  00000ca8    00000ca8    00000014   00000014    r-- .cinit
0001ffa8    0001ffa8    00000058   00000058    r--
  0001ffa8    0001ffa8    00000058   00000058    r-- .ccfg
20000000    20000000    000000c8   00000000    rw-
  20000000    20000000    000000c8   00000000    rw- .vtable_ram
20004f00    20004f00    00000100   00000000    rw-
  20004f00    20004f00    00000100   00000000    rw- .stack


SECTION ALLOCATION MAP

 output                                  attributes/
section   page    origin      length       input sections
--------  ----  ----------  ----------   ----------------
.intvecs   0    00000000    000000c8     
                  00000000    000000c8     startup_ccs.obj (.intvecs)

.text      0    000000c8    00000bd2     
                  000000c8    00000130     driverlib.lib : setup_rom.obj (.text:NOROM_SetupAfterColdResetWakeupFromShutDownCfg3)
                  000001f8    000000f0                   : setup_rom.obj (.text:NOROM_SetupAfterColdResetWakeupFromShutDownCfg2)
                  000002e8    000000c0                   : setup.obj (.text:TrimAfterColdResetWakeupFromShutDown)
                  000003a8    000000bc     main.obj (.text:setup_Interrupt)
                  00000464    000000a8     driverlib.lib : setup.obj (.text:NOROM_SetupTrimDevice)
                  0000050c    000000a4                   : setup_rom.obj (.text:NOROM_SetupAfterColdResetWakeupFromShutDownCfg1)
                  000005b0    00000074                   : setup_rom.obj (.text:NOROM_SetupSetVddrLevel)
                  00000624    00000070                   : chipinfo.obj (.text:NOROM_ChipInfo_GetHwRevision)
                  00000694    0000006c                   : setup_rom.obj (.text:NOROM_SetupGetTrimForAmpcompCtrl)
                  00000700    00000068                   : setup_rom.obj (.text:NOROM_SetupGetTrimForAnabypassValue1)
                  00000768    00000060                   : osc.obj (.text:NOROM_OSCClockSourceSet)
                  000007c8    00000050                   : setup_rom.obj (.text:NOROM_SetupSetCacheModeAccordingToCcfgSetting)
                  00000818    00000050     main.obj (.text:UART_Interrupt_Handler)
                  00000868    00000048     driverlib.lib : chipinfo.obj (.text:NOROM_ChipInfo_GetChipFamily)
                  000008b0    00000044     rtsv7M3_T_le_eabi.lib : autoinit.c.obj (.text:__TI_auto_init_nobinit_nopinit:__TI_auto_init_nobinit_nopinit)
                  000008f4    00000034     driverlib.lib : interrupt.obj (.text:NOROM_IntRegister)
                  00000928    00000030                   : setup_rom.obj (.text:NOROM_SetupSetAonRtcSubSecInc)
                  00000958    0000002c                   : ddi.obj (.text:NOROM_DDI32RegWrite)
                  00000984    0000002c                   : osc.obj (.text:NOROM_OSCClockSourceGet)
                  000009b0    0000002c                   : setup_rom.obj (.text:NOROM_SetupGetTrimForRadcExtCfg)
                  000009dc    00000024     main.obj (.text:UARTEnable)
                  00000a00    00000024     rtsv7M3_T_le_eabi.lib : boot_cortex_m.c.obj (.text:_c_int00:_c_int00)
                  00000a24    00000020     driverlib.lib : setup_rom.obj (.text:NOROM_SetupGetTrimForXoscHfCtl)
                  00000a44    0000001e     main.obj (.text:UARTCharsAvail)
                  00000a62    0000001e     main.obj (.text:UARTIntStatus)
                  00000a80    0000001c     driverlib.lib : setup_rom.obj (.text:NOROM_SetupGetTrimForAmpcompTh2)
                  00000a9c    0000001c                   : setup_rom.obj (.text:NOROM_SetupGetTrimForRcOscLfRtuneCtuneTrim)
                  00000ab8    0000001c     main.obj (.text:PRCMLoadGet)
                  00000ad4    0000001c     rtsv7M3_T_le_eabi.lib : copy_zero_init.c.obj (.text:decompress:ZI:__TI_zero_init_nomemset:__TI_zero_init_nomemset)
                  00000af0    00000018     driverlib.lib : setup_rom.obj (.text:NOROM_SetupGetTrimForAdcShModeEn)
                  00000b08    00000018                   : setup_rom.obj (.text:NOROM_SetupGetTrimForAdcShVbufEn)
                  00000b20    00000018                   : setup_rom.obj (.text:NOROM_SetupGetTrimForAmpcompTh1)
                  00000b38    00000018                   : setup_rom.obj (.text:NOROM_SetupGetTrimForDblrLoopFilterResetVoltage)
                  00000b50    00000018                   : setup_rom.obj (.text:NOROM_SetupGetTrimForRcOscLfIBiasTrim)
                  00000b68    00000018                   : setup_rom.obj (.text:NOROM_SetupGetTrimForXoscLfRegulatorAndCmirrwrRatio)
                  00000b80    00000018                   : uart.obj (.text:NOROM_UARTIntRegister)
                  00000b98    00000018     main.obj (.text:UARTFIFOLevelSet)
                  00000bb0    00000018     main.obj (.text:UARTIntEnable)
                  00000bc8    00000018     rtsv7M3_T_le_eabi.lib : args_main.c.obj (.text:_args_main)
                  00000be0    00000016     driverlib.lib : chipinfo.obj (.text:NOROM_ThisCodeIsBuiltForCC13xxHwRev20AndLater_HaltIfViolated)
                  00000bf6    00000016     main.obj (.text:UARTHwFlowControlDisable)
                  00000c0c    00000012     main.obj (.text:UARTIntClear)
                  00000c1e    00000002     startup_ccs.obj (.text:FaultISR)
                  00000c20    00000010     driverlib.lib : setup_rom.obj (.text:NOROM_SetupGetTrimForXoscHfFastStart)
                  00000c30    00000010                   : setup_rom.obj (.text:NOROM_SetupGetTrimForXoscHfIbiastherm)
                  00000c40    00000010     startup_ccs.obj (.text:ResetISR)
                  00000c50    0000000e     main.obj (.text:main)
                  00000c5e    0000000c     driverlib.lib : cpu.obj (.text:NOROM_CPUcpsid)
                  00000c6a    0000000c                   : cpu.obj (.text:NOROM_CPUcpsie)
                  00000c76    00000002     startup_ccs.obj (.text:IntDefaultHandler)
                  00000c78    0000000c     main.obj (.text:PRCMLoadSet)
                  00000c84    00000008     main.obj (.text:PRCMSleep)
                  00000c8c    00000004     main.obj (.text:CPUwfi)
                  00000c90    00000004     rtsv7M3_T_le_eabi.lib : pre_init.c.obj (.text:_system_pre_init)
                  00000c94    00000004                           : exit.c.obj (.text:abort:abort)
                  00000c98    00000002     startup_ccs.obj (.text:NmiSR)

.binit     0    00000000    00000000     

.cinit     0    00000ca8    00000014     
                  00000ca8    00000008     (.cinit..vtable_ram.load) [load image, compression = zero_init]
                  00000cb0    00000004     (__TI_handler_table)
                  00000cb4    00000008     (__TI_cinit_table)

.init_array 
*          0    00000000    00000000     UNINITIALIZED

.ccfg      0    0001ffa8    00000058     
                  0001ffa8    00000058     ccfg.obj (.ccfg:retain)

.vtable_ram 
*          0    20000000    000000c8     UNINITIALIZED
                  20000000    000000c8     driverlib.lib : interrupt.obj (.vtable_ram)

.stack     0    20004f00    00000100     UNINITIALIZED
                  20004f00    00000004     rtsv7M3_T_le_eabi.lib : boot_cortex_m.c.obj (.stack)
                  20004f04    000000fc     --HOLE--

__llvm_prf_cnts 
*          0    20000000    00000000     UNINITIALIZED

.args      0    00000c9c    00000008     
                  00000c9c    00000008     --HOLE-- [fill = 0]

MODULE SUMMARY

       Module                 code   ro data   rw data
       ------                 ----   -------   -------
    .\
       main.obj               518    0         0      
       startup_ccs.obj        22     200       0      
       ccfg.obj               0      88        0      
    +--+----------------------+------+---------+---------+
       Total:                 540    288       0      
                                                      
    C:/ti/tirtos_cc13xx_cc26xx_2_21_01_08/products/cc13xxware_2_04_03_17272/driverlib/bin/ccs/driverlib.lib
       setup_rom.obj          1472   0         0      
       setup.obj              360    0         0      
       interrupt.obj          52     0         200    
       chipinfo.obj           206    0         0      
       osc.obj                140    0         0      
       ddi.obj                44     0         0      
       cpu.obj                24     0         0      
       uart.obj               24     0         0      
    +--+----------------------+------+---------+---------+
       Total:                 2322   0         200    
                                                      
    C:\ti\ccs1040\ccs\tools\compiler\ti-cgt-arm_20.2.7.LTS\lib\rtsv7M3_T_le_eabi.lib
       autoinit.c.obj         68     0         0      
       boot_cortex_m.c.obj    36     0         0      
       copy_zero_init.c.obj   28     0         0      
       args_main.c.obj        24     0         0      
       exit.c.obj             4      0         0      
       pre_init.c.obj         4      0         0      
    +--+----------------------+------+---------+---------+
       Total:                 164    0         0      
                                                      
       Stack:                 0      0         256    
       Linker Generated:      0      20        0      
    +--+----------------------+------+---------+---------+
       Grand Total:           3026   308       456    


LINKER GENERATED COPY TABLES

__TI_cinit_table @ 00000cb4 records: 1, size/record: 8, table size: 8
	.vtable_ram: load addr=00000ca8, load size=00000008 bytes, run addr=20000000, run size=000000c8 bytes, compression=zero_init


LINKER GENERATED HANDLER TABLE

__TI_handler_table @ 00000cb0 records: 1, size/record: 4, table size: 4
	index: 0, handler: __TI_zero_init


GLOBAL SYMBOLS: SORTED ALPHABETICALLY BY Name 

address   name                                                        
-------   ----                                                        
00000c95  C$$EXIT                                                     
00000c5f  NOROM_CPUcpsid                                              
00000c6b  NOROM_CPUcpsie                                              
00000869  NOROM_ChipInfo_GetChipFamily                                
00000625  NOROM_ChipInfo_GetHwRevision                                
00000959  NOROM_DDI32RegWrite                                         
000008f5  NOROM_IntRegister                                           
00000985  NOROM_OSCClockSourceGet                                     
00000769  NOROM_OSCClockSourceSet                                     
0000050d  NOROM_SetupAfterColdResetWakeupFromShutDownCfg1             
000001f9  NOROM_SetupAfterColdResetWakeupFromShutDownCfg2             
000000c9  NOROM_SetupAfterColdResetWakeupFromShutDownCfg3             
00000af1  NOROM_SetupGetTrimForAdcShModeEn                            
00000b09  NOROM_SetupGetTrimForAdcShVbufEn                            
00000695  NOROM_SetupGetTrimForAmpcompCtrl                            
00000b21  NOROM_SetupGetTrimForAmpcompTh1                             
00000a81  NOROM_SetupGetTrimForAmpcompTh2                             
00000701  NOROM_SetupGetTrimForAnabypassValue1                        
00000b39  NOROM_SetupGetTrimForDblrLoopFilterResetVoltage             
000009b1  NOROM_SetupGetTrimForRadcExtCfg                             
00000b51  NOROM_SetupGetTrimForRcOscLfIBiasTrim                       
00000a9d  NOROM_SetupGetTrimForRcOscLfRtuneCtuneTrim                  
00000a25  NOROM_SetupGetTrimForXoscHfCtl                              
00000c21  NOROM_SetupGetTrimForXoscHfFastStart                        
00000c31  NOROM_SetupGetTrimForXoscHfIbiastherm                       
00000b69  NOROM_SetupGetTrimForXoscLfRegulatorAndCmirrwrRatio         
00000929  NOROM_SetupSetAonRtcSubSecInc                               
000007c9  NOROM_SetupSetCacheModeAccordingToCcfgSetting               
000005b1  NOROM_SetupSetVddrLevel                                     
00000465  NOROM_SetupTrimDevice                                       
00000be1  NOROM_ThisCodeIsBuiltForCC13xxHwRev20AndLater_HaltIfViolated
00000b81  NOROM_UARTIntRegister                                       
00000c41  ResetISR                                                    
00000819  UART_Interrupt_Handler                                      
20005000  __STACK_END                                                 
00000100  __STACK_SIZE                                                
20005000  __STACK_TOP                                                 
00000cb4  __TI_CINIT_Base                                             
00000cbc  __TI_CINIT_Limit                                            
00000cb0  __TI_Handler_Table_Base                                     
00000cb4  __TI_Handler_Table_Limit                                    
000008b1  __TI_auto_init_nobinit_nopinit                              
ffffffff  __TI_pprof_out_hndl                                         
ffffffff  __TI_prof_data_size                                         
ffffffff  __TI_prof_data_start                                        
00000000  __TI_static_base__                                          
00000ad5  __TI_zero_init_nomemset                                     
ffffffff  __binit__                                                   
00000c9c  __c_args__                                                  
0001ffa8  __ccfg                                                      
UNDEFED   __mpu_init                                                  
20004f00  __stack                                                     
20000000  __start___llvm_prf_cnts                                     
20000000  __stop___llvm_prf_cnts                                      
00000bc9  _args_main                                                  
00000a01  _c_int00                                                    
UNDEFED   _system_post_cinit                                          
00000c91  _system_pre_init                                            
00000c95  abort                                                       
ffffffff  binit                                                       
20000000  g_pfnRAMVectors                                             
00000000  g_pfnVectors                                                
00000c51  main                                                        
000003a9  setup_Interrupt                                             


GLOBAL SYMBOLS: SORTED BY Symbol Address 

address   name                                                        
-------   ----                                                        
00000000  __TI_static_base__                                          
00000000  g_pfnVectors                                                
000000c9  NOROM_SetupAfterColdResetWakeupFromShutDownCfg3             
00000100  __STACK_SIZE                                                
000001f9  NOROM_SetupAfterColdResetWakeupFromShutDownCfg2             
000003a9  setup_Interrupt                                             
00000465  NOROM_SetupTrimDevice                                       
0000050d  NOROM_SetupAfterColdResetWakeupFromShutDownCfg1             
000005b1  NOROM_SetupSetVddrLevel                                     
00000625  NOROM_ChipInfo_GetHwRevision                                
00000695  NOROM_SetupGetTrimForAmpcompCtrl                            
00000701  NOROM_SetupGetTrimForAnabypassValue1                        
00000769  NOROM_OSCClockSourceSet                                     
000007c9  NOROM_SetupSetCacheModeAccordingToCcfgSetting               
00000819  UART_Interrupt_Handler                                      
00000869  NOROM_ChipInfo_GetChipFamily                                
000008b1  __TI_auto_init_nobinit_nopinit                              
000008f5  NOROM_IntRegister                                           
00000929  NOROM_SetupSetAonRtcSubSecInc                               
00000959  NOROM_DDI32RegWrite                                         
00000985  NOROM_OSCClockSourceGet                                     
000009b1  NOROM_SetupGetTrimForRadcExtCfg                             
00000a01  _c_int00                                                    
00000a25  NOROM_SetupGetTrimForXoscHfCtl                              
00000a81  NOROM_SetupGetTrimForAmpcompTh2                             
00000a9d  NOROM_SetupGetTrimForRcOscLfRtuneCtuneTrim                  
00000ad5  __TI_zero_init_nomemset                                     
00000af1  NOROM_SetupGetTrimForAdcShModeEn                            
00000b09  NOROM_SetupGetTrimForAdcShVbufEn                            
00000b21  NOROM_SetupGetTrimForAmpcompTh1                             
00000b39  NOROM_SetupGetTrimForDblrLoopFilterResetVoltage             
00000b51  NOROM_SetupGetTrimForRcOscLfIBiasTrim                       
00000b69  NOROM_SetupGetTrimForXoscLfRegulatorAndCmirrwrRatio         
00000b81  NOROM_UARTIntRegister                                       
00000bc9  _args_main                                                  
00000be1  NOROM_ThisCodeIsBuiltForCC13xxHwRev20AndLater_HaltIfViolated
00000c21  NOROM_SetupGetTrimForXoscHfFastStart                        
00000c31  NOROM_SetupGetTrimForXoscHfIbiastherm                       
00000c41  ResetISR                                                    
00000c51  main                                                        
00000c5f  NOROM_CPUcpsid                                              
00000c6b  NOROM_CPUcpsie                                              
00000c91  _system_pre_init                                            
00000c95  C$$EXIT                                                     
00000c95  abort                                                       
00000c9c  __c_args__                                                  
00000cb0  __TI_Handler_Table_Base                                     
00000cb4  __TI_CINIT_Base                                             
00000cb4  __TI_Handler_Table_Limit                                    
00000cbc  __TI_CINIT_Limit                                            
0001ffa8  __ccfg                                                      
20000000  __start___llvm_prf_cnts                                     
20000000  __stop___llvm_prf_cnts                                      
20000000  g_pfnRAMVectors                                             
20004f00  __stack                                                     
20005000  __STACK_END                                                 
20005000  __STACK_TOP                                                 
ffffffff  __TI_pprof_out_hndl                                         
ffffffff  __TI_prof_data_size                                         
ffffffff  __TI_prof_data_start                                        
ffffffff  __binit__                                                   
ffffffff  binit                                                       
UNDEFED   __mpu_init                                                  
UNDEFED   _system_post_cinit                                          

[64 symbols]
