******************************************************************************
                  TI ARM Linker Unix v20.2.7                   
******************************************************************************
>> Linked Fri Jan 20 17:01:36 2023

OUTPUT FILE NAME:   <Lab2.out>
ENTRY POINT SYMBOL: "ResetISR"  address: 00000d5f


MEMORY CONFIGURATION

         name            origin    length      used     unused   attr    fill
----------------------  --------  ---------  --------  --------  ----  --------
  FLASH                 00000000   00020000  00000e2e  0001f1d2  R  X
  GPRAM                 11000000   00002000  00000000  00002000  RW X
  SRAM                  20000000   00005000  000001c8  00004e38  RW X


SEGMENT ALLOCATION MAP

run origin  load origin   length   init length attrs members
----------  ----------- ---------- ----------- ----- -------
00000000    00000000    00000dba   00000dba    r-x
  00000000    00000000    000000c8   000000c8    r-- .intvecs
  000000c8    000000c8    00000cf2   00000cf2    r-x .text
00000dbc    00000dbc    00000008   00000008    rw-
  00000dbc    00000dbc    00000008   00000008    rw- .args
00000dc8    00000dc8    00000014   00000014    r--
  00000dc8    00000dc8    00000014   00000014    r-- .cinit
0001ffa8    0001ffa8    00000058   00000058    r--
  0001ffa8    0001ffa8    00000058   00000058    r-- .ccfg
20000000    20000000    000000c8   00000000    rw-
  20000000    20000000    000000c8   00000000    rw- .vtable_ram
20004f00    20004f00    00000100   00000000    rw-
  20004f00    20004f00    00000100   00000000    rw- .stack


SECTION ALLOCATION MAP

 output                                  attributes/
section   page    origin      length       input sections
--------  ----  ----------  ----------   ----------------
.intvecs   0    00000000    000000c8     
                  00000000    000000c8     startup_ccs.obj (.intvecs)

.text      0    000000c8    00000cf2     
                  000000c8    000002f4     button_display.obj (.text)
                  000003bc    00000130     driverlib.lib : setup_rom.obj (.text:NOROM_SetupAfterColdResetWakeupFromShutDownCfg3)
                  000004ec    000000f0                   : setup_rom.obj (.text:NOROM_SetupAfterColdResetWakeupFromShutDownCfg2)
                  000005dc    000000c0                   : setup.obj (.text:TrimAfterColdResetWakeupFromShutDown)
                  0000069c    000000a8                   : setup.obj (.text:NOROM_SetupTrimDevice)
                  00000744    000000a4                   : setup_rom.obj (.text:NOROM_SetupAfterColdResetWakeupFromShutDownCfg1)
                  000007e8    00000074                   : setup_rom.obj (.text:NOROM_SetupSetVddrLevel)
                  0000085c    00000070                   : chipinfo.obj (.text:NOROM_ChipInfo_GetHwRevision)
                  000008cc    0000006c                   : setup_rom.obj (.text:NOROM_SetupGetTrimForAmpcompCtrl)
                  00000938    00000068                   : setup_rom.obj (.text:NOROM_SetupGetTrimForAnabypassValue1)
                  000009a0    00000060                   : osc.obj (.text:NOROM_OSCClockSourceSet)
                  00000a00    00000050                   : setup_rom.obj (.text:NOROM_SetupSetCacheModeAccordingToCcfgSetting)
                  00000a50    00000048                   : chipinfo.obj (.text:NOROM_ChipInfo_GetChipFamily)
                  00000a98    00000044     rtsv7M3_T_le_eabi.lib : autoinit.c.obj (.text:__TI_auto_init_nobinit_nopinit:__TI_auto_init_nobinit_nopinit)
                  00000adc    00000034     driverlib.lib : interrupt.obj (.text:NOROM_IntRegister)
                  00000b10    00000030                   : setup_rom.obj (.text:NOROM_SetupSetAonRtcSubSecInc)
                  00000b40    0000002c                   : ddi.obj (.text:NOROM_DDI32RegWrite)
                  00000b6c    0000002c                   : osc.obj (.text:NOROM_OSCClockSourceGet)
                  00000b98    0000002c                   : setup_rom.obj (.text:NOROM_SetupGetTrimForRadcExtCfg)
                  00000bc4    00000028                   : aon_batmon.obj (.text:NOROM_AONBatMonTemperatureGetDegC)
                  00000bec    00000024     rtsv7M3_T_le_eabi.lib : boot_cortex_m.c.obj (.text:_c_int00:_c_int00)
                  00000c10    00000020     driverlib.lib : setup_rom.obj (.text:NOROM_SetupGetTrimForXoscHfCtl)
                  00000c30    0000001c                   : setup_rom.obj (.text:NOROM_SetupGetTrimForAmpcompTh2)
                  00000c4c    0000001c                   : setup_rom.obj (.text:NOROM_SetupGetTrimForRcOscLfRtuneCtuneTrim)
                  00000c68    0000001c     rtsv7M3_T_le_eabi.lib : copy_zero_init.c.obj (.text:decompress:ZI:__TI_zero_init_nomemset:__TI_zero_init_nomemset)
                  00000c84    0000001a     main.obj (.text)
                  00000c9e    00000002     --HOLE-- [fill = 0]
                  00000ca0    00000018     driverlib.lib : setup_rom.obj (.text:NOROM_SetupGetTrimForAdcShModeEn)
                  00000cb8    00000018                   : setup_rom.obj (.text:NOROM_SetupGetTrimForAdcShVbufEn)
                  00000cd0    00000018                   : setup_rom.obj (.text:NOROM_SetupGetTrimForAmpcompTh1)
                  00000ce8    00000018                   : setup_rom.obj (.text:NOROM_SetupGetTrimForDblrLoopFilterResetVoltage)
                  00000d00    00000018                   : setup_rom.obj (.text:NOROM_SetupGetTrimForRcOscLfIBiasTrim)
                  00000d18    00000018                   : setup_rom.obj (.text:NOROM_SetupGetTrimForXoscLfRegulatorAndCmirrwrRatio)
                  00000d30    00000018     rtsv7M3_T_le_eabi.lib : args_main.c.obj (.text:_args_main)
                  00000d48    00000016     driverlib.lib : chipinfo.obj (.text:NOROM_ThisCodeIsBuiltForCC13xxHwRev20AndLater_HaltIfViolated)
                  00000d5e    00000016     startup_ccs.obj (.text)
                  00000d74    00000010     driverlib.lib : setup_rom.obj (.text:NOROM_SetupGetTrimForXoscHfFastStart)
                  00000d84    00000010                   : setup_rom.obj (.text:NOROM_SetupGetTrimForXoscHfIbiastherm)
                  00000d94    0000000c                   : cpu.obj (.text:NOROM_CPUcpsid)
                  00000da0    0000000c                   : cpu.obj (.text:NOROM_CPUcpsie)
                  00000dac    00000006                   : cpu.obj (.text:NOROM_CPUdelay)
                  00000db2    00000004     rtsv7M3_T_le_eabi.lib : pre_init.c.obj (.text:_system_pre_init)
                  00000db6    00000004                           : exit.c.obj (.text:abort:abort)

.binit     0    00000000    00000000     

.cinit     0    00000dc8    00000014     
                  00000dc8    00000008     (.cinit..vtable_ram.load) [load image, compression = zero_init]
                  00000dd0    00000004     (__TI_handler_table)
                  00000dd4    00000008     (__TI_cinit_table)

.init_array 
*          0    00000000    00000000     UNINITIALIZED

.ccfg      0    0001ffa8    00000058     
                  0001ffa8    00000058     ccfg.obj (.ccfg:retain)

.vtable_ram 
*          0    20000000    000000c8     UNINITIALIZED
                  20000000    000000c8     driverlib.lib : interrupt.obj (.vtable_ram)

.stack     0    20004f00    00000100     UNINITIALIZED
                  20004f00    00000004     rtsv7M3_T_le_eabi.lib : boot_cortex_m.c.obj (.stack)
                  20004f04    000000fc     --HOLE--

__llvm_prf_cnts 
*          0    20000000    00000000     UNINITIALIZED

.args      0    00000dbc    00000008     
                  00000dbc    00000008     --HOLE-- [fill = 0]

MODULE SUMMARY

       Module                 code   ro data   rw data
       ------                 ----   -------   -------
    ./
       button_display.obj     756    0         0      
       startup_ccs.obj        22     200       0      
       ccfg.obj               0      88        0      
       main.obj               26     0         0      
    +--+----------------------+------+---------+---------+
       Total:                 804    288       0      
                                                      
    /home/martin/ti/ccs1040/ccs/tools/compiler/ti-cgt-arm_20.2.7.LTS/lib/rtsv7M3_T_le_eabi.lib
       autoinit.c.obj         68     0         0      
       boot_cortex_m.c.obj    36     0         0      
       copy_zero_init.c.obj   28     0         0      
       args_main.c.obj        24     0         0      
       exit.c.obj             4      0         0      
       pre_init.c.obj         4      0         0      
    +--+----------------------+------+---------+---------+
       Total:                 164    0         0      
                                                      
    /opt/ti/tirtos_cc13xx_cc26xx_2_21_01_08/products/cc13xxware_2_04_03_17272/driverlib/bin/ccs/driverlib.lib
       setup_rom.obj          1472   0         0      
       setup.obj              360    0         0      
       interrupt.obj          52     0         200    
       chipinfo.obj           206    0         0      
       osc.obj                140    0         0      
       ddi.obj                44     0         0      
       aon_batmon.obj         40     0         0      
       cpu.obj                30     0         0      
    +--+----------------------+------+---------+---------+
       Total:                 2344   0         200    
                                                      
       Stack:                 0      0         256    
       Linker Generated:      0      20        0      
    +--+----------------------+------+---------+---------+
       Grand Total:           3312   308       456    


LINKER GENERATED COPY TABLES

__TI_cinit_table @ 00000dd4 records: 1, size/record: 8, table size: 8
	.vtable_ram: load addr=00000dc8, load size=00000008 bytes, run addr=20000000, run size=000000c8 bytes, compression=zero_init


LINKER GENERATED HANDLER TABLE

__TI_handler_table @ 00000dd0 records: 1, size/record: 4, table size: 4
	index: 0, handler: __TI_zero_init


GLOBAL SYMBOLS: SORTED ALPHABETICALLY BY Name 

address   name                                                        
-------   ----                                                        
00000db7  C$$EXIT                                                     
00000bc5  NOROM_AONBatMonTemperatureGetDegC                           
00000d95  NOROM_CPUcpsid                                              
00000da1  NOROM_CPUcpsie                                              
00000dad  NOROM_CPUdelay                                              
00000a51  NOROM_ChipInfo_GetChipFamily                                
0000085d  NOROM_ChipInfo_GetHwRevision                                
00000b41  NOROM_DDI32RegWrite                                         
00000add  NOROM_IntRegister                                           
00000b6d  NOROM_OSCClockSourceGet                                     
000009a1  NOROM_OSCClockSourceSet                                     
00000745  NOROM_SetupAfterColdResetWakeupFromShutDownCfg1             
000004ed  NOROM_SetupAfterColdResetWakeupFromShutDownCfg2             
000003bd  NOROM_SetupAfterColdResetWakeupFromShutDownCfg3             
00000ca1  NOROM_SetupGetTrimForAdcShModeEn                            
00000cb9  NOROM_SetupGetTrimForAdcShVbufEn                            
000008cd  NOROM_SetupGetTrimForAmpcompCtrl                            
00000cd1  NOROM_SetupGetTrimForAmpcompTh1                             
00000c31  NOROM_SetupGetTrimForAmpcompTh2                             
00000939  NOROM_SetupGetTrimForAnabypassValue1                        
00000ce9  NOROM_SetupGetTrimForDblrLoopFilterResetVoltage             
00000b99  NOROM_SetupGetTrimForRadcExtCfg                             
00000d01  NOROM_SetupGetTrimForRcOscLfIBiasTrim                       
00000c4d  NOROM_SetupGetTrimForRcOscLfRtuneCtuneTrim                  
00000c11  NOROM_SetupGetTrimForXoscHfCtl                              
00000d75  NOROM_SetupGetTrimForXoscHfFastStart                        
00000d85  NOROM_SetupGetTrimForXoscHfIbiastherm                       
00000d19  NOROM_SetupGetTrimForXoscLfRegulatorAndCmirrwrRatio         
00000b11  NOROM_SetupSetAonRtcSubSecInc                               
00000a01  NOROM_SetupSetCacheModeAccordingToCcfgSetting               
000007e9  NOROM_SetupSetVddrLevel                                     
0000069d  NOROM_SetupTrimDevice                                       
00000d49  NOROM_ThisCodeIsBuiltForCC13xxHwRev20AndLater_HaltIfViolated
00000d5f  ResetISR                                                    
20005000  __STACK_END                                                 
00000100  __STACK_SIZE                                                
20005000  __STACK_TOP                                                 
00000dd4  __TI_CINIT_Base                                             
00000ddc  __TI_CINIT_Limit                                            
00000dd0  __TI_Handler_Table_Base                                     
00000dd4  __TI_Handler_Table_Limit                                    
00000a99  __TI_auto_init_nobinit_nopinit                              
ffffffff  __TI_pprof_out_hndl                                         
ffffffff  __TI_prof_data_size                                         
ffffffff  __TI_prof_data_start                                        
00000000  __TI_static_base__                                          
00000c69  __TI_zero_init_nomemset                                     
ffffffff  __binit__                                                   
00000dbc  __c_args__                                                  
0001ffa8  __ccfg                                                      
UNDEFED   __mpu_init                                                  
20004f00  __stack                                                     
20000000  __start___llvm_prf_cnts                                     
20000000  __stop___llvm_prf_cnts                                      
00000d31  _args_main                                                  
00000bed  _c_int00                                                    
UNDEFED   _system_post_cinit                                          
00000db3  _system_pre_init                                            
00000db7  abort                                                       
ffffffff  binit                                                       
000001d3  display_information                                         
00000259  fn                                                          
20000000  g_pfnRAMVectors                                             
00000000  g_pfnVectors                                                
000002c3  input_setup                                                 
00000c91  main                                                        
0000016f  output_setup                                                
00000377  setup_buttons                                               


GLOBAL SYMBOLS: SORTED BY Symbol Address 

address   name                                                        
-------   ----                                                        
00000000  __TI_static_base__                                          
00000000  g_pfnVectors                                                
00000100  __STACK_SIZE                                                
0000016f  output_setup                                                
000001d3  display_information                                         
00000259  fn                                                          
000002c3  input_setup                                                 
00000377  setup_buttons                                               
000003bd  NOROM_SetupAfterColdResetWakeupFromShutDownCfg3             
000004ed  NOROM_SetupAfterColdResetWakeupFromShutDownCfg2             
0000069d  NOROM_SetupTrimDevice                                       
00000745  NOROM_SetupAfterColdResetWakeupFromShutDownCfg1             
000007e9  NOROM_SetupSetVddrLevel                                     
0000085d  NOROM_ChipInfo_GetHwRevision                                
000008cd  NOROM_SetupGetTrimForAmpcompCtrl                            
00000939  NOROM_SetupGetTrimForAnabypassValue1                        
000009a1  NOROM_OSCClockSourceSet                                     
00000a01  NOROM_SetupSetCacheModeAccordingToCcfgSetting               
00000a51  NOROM_ChipInfo_GetChipFamily                                
00000a99  __TI_auto_init_nobinit_nopinit                              
00000add  NOROM_IntRegister                                           
00000b11  NOROM_SetupSetAonRtcSubSecInc                               
00000b41  NOROM_DDI32RegWrite                                         
00000b6d  NOROM_OSCClockSourceGet                                     
00000b99  NOROM_SetupGetTrimForRadcExtCfg                             
00000bc5  NOROM_AONBatMonTemperatureGetDegC                           
00000bed  _c_int00                                                    
00000c11  NOROM_SetupGetTrimForXoscHfCtl                              
00000c31  NOROM_SetupGetTrimForAmpcompTh2                             
00000c4d  NOROM_SetupGetTrimForRcOscLfRtuneCtuneTrim                  
00000c69  __TI_zero_init_nomemset                                     
00000c91  main                                                        
00000ca1  NOROM_SetupGetTrimForAdcShModeEn                            
00000cb9  NOROM_SetupGetTrimForAdcShVbufEn                            
00000cd1  NOROM_SetupGetTrimForAmpcompTh1                             
00000ce9  NOROM_SetupGetTrimForDblrLoopFilterResetVoltage             
00000d01  NOROM_SetupGetTrimForRcOscLfIBiasTrim                       
00000d19  NOROM_SetupGetTrimForXoscLfRegulatorAndCmirrwrRatio         
00000d31  _args_main                                                  
00000d49  NOROM_ThisCodeIsBuiltForCC13xxHwRev20AndLater_HaltIfViolated
00000d5f  ResetISR                                                    
00000d75  NOROM_SetupGetTrimForXoscHfFastStart                        
00000d85  NOROM_SetupGetTrimForXoscHfIbiastherm                       
00000d95  NOROM_CPUcpsid                                              
00000da1  NOROM_CPUcpsie                                              
00000dad  NOROM_CPUdelay                                              
00000db3  _system_pre_init                                            
00000db7  C$$EXIT                                                     
00000db7  abort                                                       
00000dbc  __c_args__                                                  
00000dd0  __TI_Handler_Table_Base                                     
00000dd4  __TI_CINIT_Base                                             
00000dd4  __TI_Handler_Table_Limit                                    
00000ddc  __TI_CINIT_Limit                                            
0001ffa8  __ccfg                                                      
20000000  __start___llvm_prf_cnts                                     
20000000  __stop___llvm_prf_cnts                                      
20000000  g_pfnRAMVectors                                             
20004f00  __stack                                                     
20005000  __STACK_END                                                 
20005000  __STACK_TOP                                                 
ffffffff  __TI_pprof_out_hndl                                         
ffffffff  __TI_prof_data_size                                         
ffffffff  __TI_prof_data_start                                        
ffffffff  __binit__                                                   
ffffffff  binit                                                       
UNDEFED   __mpu_init                                                  
UNDEFED   _system_post_cinit                                          

[68 symbols]
