******************************************************************************
                  TI ARM Linker Unix v20.2.5                   
******************************************************************************
>> Linked Sun Feb  5 09:19:27 2023

OUTPUT FILE NAME:   <Lab4Exercise2.out>
ENTRY POINT SYMBOL: "ResetISR"  address: 00001323


MEMORY CONFIGURATION

         name            origin    length      used     unused   attr    fill
----------------------  --------  ---------  --------  --------  ----  --------
  FLASH                 00000000   00020000  00001438  0001ebc8  R  X
  GPRAM                 11000000   00002000  00000000  00002000  RW X
  SRAM                  20000000   00005000  0000020c  00004df4  RW X


SEGMENT ALLOCATION MAP

run origin  load origin   length   init length attrs members
----------  ----------- ---------- ----------- ----- -------
00000000    00000000    00001390   00001390    r-x
  00000000    00000000    000000c8   000000c8    r-- .intvecs
  000000c8    000000c8    000012c8   000012c8    r-x .text
00001390    00001390    00000008   00000008    rw-
  00001390    00001390    00000008   00000008    rw- .args
00001398    00001398    00000048   00000048    r--
  00001398    00001398    00000048   00000048    r-- .cinit
0001ffa8    0001ffa8    00000058   00000058    r--
  0001ffa8    0001ffa8    00000058   00000058    r-- .ccfg
20000000    20000000    00000110   00000000    rw-
  20000000    20000000    000000c8   00000000    rw- .vtable_ram
  200000c8    200000c8    0000001c   00000000    rw- .data
  200000e4    200000e4    00000018   00000000    rw- .bss
  20000100    20000100    00000010   00000000    rw- .sysmem
20004f00    20004f00    00000100   00000000    rw-
  20004f00    20004f00    00000100   00000000    rw- .stack


SECTION ALLOCATION MAP

 output                                  attributes/
section   page    origin      length       input sections
--------  ----  ----------  ----------   ----------------
.intvecs   0    00000000    000000c8     
                  00000000    000000c8     startup_ccs.obj (.intvecs)

.text      0    000000c8    000012c8     
                  000000c8    00000224     uart_module.obj (.text)
                  000002ec    000001cc     timer_module.obj (.text)
                  000004b8    00000130     driverlib.lib : setup_rom.obj (.text:NOROM_SetupAfterColdResetWakeupFromShutDownCfg3)
                  000005e8    00000100     rtsv7M3_T_le_eabi.lib : memory.c.obj (.text:aligned_alloc)
                  000006e8    000000f0     driverlib.lib : setup_rom.obj (.text:NOROM_SetupAfterColdResetWakeupFromShutDownCfg2)
                  000007d8    000000e8     rtsv7M3_T_le_eabi.lib : memory.c.obj (.text:free)
                  000008c0    000000e4     main.obj (.text)
                  000009a4    000000c0     driverlib.lib : setup.obj (.text:TrimAfterColdResetWakeupFromShutDown)
                  00000a64    000000a8                   : setup.obj (.text:NOROM_SetupTrimDevice)
                  00000b0c    000000a4                   : setup_rom.obj (.text:NOROM_SetupAfterColdResetWakeupFromShutDownCfg1)
                  00000bb0    0000009c     rtsv7M3_T_le_eabi.lib : memcpy_t2.asm.obj (.text)
                  00000c4c    00000074     driverlib.lib : setup_rom.obj (.text:NOROM_SetupSetVddrLevel)
                  00000cc0    00000070                   : chipinfo.obj (.text:NOROM_ChipInfo_GetHwRevision)
                  00000d30    00000070     rtsv7M3_T_le_eabi.lib : memory.c.obj (.text:split)
                  00000da0    0000006c     driverlib.lib : setup_rom.obj (.text:NOROM_SetupGetTrimForAmpcompCtrl)
                  00000e0c    00000068                   : setup_rom.obj (.text:NOROM_SetupGetTrimForAnabypassValue1)
                  00000e74    00000068     rtsv7M3_T_le_eabi.lib : copy_decompress_lzss.c.obj (.text:decompress:lzss:__TI_decompress_lzss)
                  00000edc    00000060     driverlib.lib : osc.obj (.text:NOROM_OSCClockSourceSet)
                  00000f3c    00000050                   : setup_rom.obj (.text:NOROM_SetupSetCacheModeAccordingToCcfgSetting)
                  00000f8c    00000048                   : chipinfo.obj (.text:NOROM_ChipInfo_GetChipFamily)
                  00000fd4    00000044     rtsv7M3_T_le_eabi.lib : autoinit.c.obj (.text:__TI_auto_init_nobinit_nopinit:__TI_auto_init_nobinit_nopinit)
                  00001018    00000040     driverlib.lib : timer.obj (.text:NOROM_TimerIntRegister)
                  00001058    00000034                   : interrupt.obj (.text:NOROM_IntRegister)
                  0000108c    00000030                   : setup_rom.obj (.text:NOROM_SetupSetAonRtcSubSecInc)
                  000010bc    00000030                   : timer.obj (.text:TimerIntNumberGet)
                  000010ec    0000002c                   : ddi.obj (.text:NOROM_DDI32RegWrite)
                  00001118    0000002c                   : osc.obj (.text:NOROM_OSCClockSourceGet)
                  00001144    0000002c                   : setup_rom.obj (.text:NOROM_SetupGetTrimForRadcExtCfg)
                  00001170    00000028     rtsv7M3_T_le_eabi.lib : memory.c.obj (.text:free_list_insert)
                  00001198    00000024                           : boot_cortex_m.c.obj (.text:_c_int00:_c_int00)
                  000011bc    00000020     driverlib.lib : setup_rom.obj (.text:NOROM_SetupGetTrimForXoscHfCtl)
                  000011dc    0000001c                   : setup_rom.obj (.text:NOROM_SetupGetTrimForAmpcompTh2)
                  000011f8    0000001c                   : setup_rom.obj (.text:NOROM_SetupGetTrimForRcOscLfRtuneCtuneTrim)
                  00001214    0000001c     rtsv7M3_T_le_eabi.lib : copy_zero_init.c.obj (.text:decompress:ZI:__TI_zero_init_nomemset:__TI_zero_init_nomemset)
                  00001230    0000001c                           : memory.c.obj (.text:free_list_remove)
                  0000124c    00000018     driverlib.lib : setup_rom.obj (.text:NOROM_SetupGetTrimForAdcShModeEn)
                  00001264    00000018                   : setup_rom.obj (.text:NOROM_SetupGetTrimForAdcShVbufEn)
                  0000127c    00000018                   : setup_rom.obj (.text:NOROM_SetupGetTrimForAmpcompTh1)
                  00001294    00000018                   : setup_rom.obj (.text:NOROM_SetupGetTrimForDblrLoopFilterResetVoltage)
                  000012ac    00000018                   : setup_rom.obj (.text:NOROM_SetupGetTrimForRcOscLfIBiasTrim)
                  000012c4    00000018                   : setup_rom.obj (.text:NOROM_SetupGetTrimForXoscLfRegulatorAndCmirrwrRatio)
                  000012dc    00000018                   : uart.obj (.text:NOROM_UARTIntRegister)
                  000012f4    00000018     rtsv7M3_T_le_eabi.lib : args_main.c.obj (.text:_args_main)
                  0000130c    00000016     driverlib.lib : chipinfo.obj (.text:NOROM_ThisCodeIsBuiltForCC13xxHwRev20AndLater_HaltIfViolated)
                  00001322    00000016     startup_ccs.obj (.text)
                  00001338    00000010     driverlib.lib : setup_rom.obj (.text:NOROM_SetupGetTrimForXoscHfFastStart)
                  00001348    00000010                   : setup_rom.obj (.text:NOROM_SetupGetTrimForXoscHfIbiastherm)
                  00001358    0000000e     rtsv7M3_T_le_eabi.lib : copy_decompress_none.c.obj (.text:decompress:none:__TI_decompress_none)
                  00001366    0000000c     driverlib.lib : cpu.obj (.text:NOROM_CPUcpsid)
                  00001372    0000000c                   : cpu.obj (.text:NOROM_CPUcpsie)
                  0000137e    00000008     rtsv7M3_T_le_eabi.lib : memory.c.obj (.text:malloc)
                  00001386    00000004                           : pre_init.c.obj (.text:_system_pre_init)
                  0000138a    00000004                           : exit.c.obj (.text:abort:abort)
                  0000138e    00000002                           : _lock.c.obj (.text:_nop)

.binit     0    00000000    00000000     

.cinit     0    00001398    00000048     
                  00001398    0000000d     (.cinit..data.load) [load image, compression = lzss]
                  000013a5    00000003     --HOLE-- [fill = 0]
                  000013a8    0000000c     (__TI_handler_table)
                  000013b4    00000004     --HOLE-- [fill = 0]
                  000013b8    00000008     (.cinit..bss.load) [load image, compression = zero_init]
                  000013c0    00000008     (.cinit..vtable_ram.load) [load image, compression = zero_init]
                  000013c8    00000018     (__TI_cinit_table)

.init_array 
*          0    00000000    00000000     UNINITIALIZED

.ccfg      0    0001ffa8    00000058     
                  0001ffa8    00000058     ccfg.obj (.ccfg:retain)

.vtable_ram 
*          0    20000000    000000c8     UNINITIALIZED
                  20000000    000000c8     driverlib.lib : interrupt.obj (.vtable_ram)

.data      0    200000c8    0000001c     UNINITIALIZED
                  200000c8    00000008     rtsv7M3_T_le_eabi.lib : _lock.c.obj (.data:$O1$$)
                  200000d0    00000008                           : memory.c.obj (.data:$O1$$)
                  200000d8    00000008     timer_module.obj (.data)
                  200000e0    00000004     uart_module.obj (.data)

.bss       0    200000e4    00000018     UNINITIALIZED
                  200000e4    00000018     (.common:my_buffer)

.sysmem    0    20000100    00000010     UNINITIALIZED
                  20000100    00000010     rtsv7M3_T_le_eabi.lib : memory.c.obj (.sysmem)

.stack     0    20004f00    00000100     UNINITIALIZED
                  20004f00    00000004     rtsv7M3_T_le_eabi.lib : boot_cortex_m.c.obj (.stack)
                  20004f04    000000fc     --HOLE--

__llvm_prf_cnts 
*          0    20000000    00000000     UNINITIALIZED

.args      0    00001390    00000008     
                  00001390    00000008     --HOLE-- [fill = 0]

MODULE SUMMARY

       Module                       code   ro data   rw data
       ------                       ----   -------   -------
    ./
       uart_module.obj              548    0         4      
       timer_module.obj             460    0         8      
       main.obj                     228    0         24     
       startup_ccs.obj              22     200       0      
       ccfg.obj                     0      88        0      
    +--+----------------------------+------+---------+---------+
       Total:                       1258   288       36     
                                                            
    /opt/ti/ccs1040/ccs/tools/compiler/ti-cgt-arm_20.2.5.LTS/lib/rtsv7M3_T_le_eabi.lib
       memory.c.obj                 676    0         8      
       memcpy_t2.asm.obj            156    0         0      
       copy_decompress_lzss.c.obj   104    0         0      
       autoinit.c.obj               68     0         0      
       boot_cortex_m.c.obj          36     0         0      
       copy_zero_init.c.obj         28     0         0      
       args_main.c.obj              24     0         0      
       copy_decompress_none.c.obj   14     0         0      
       _lock.c.obj                  2      0         8      
       exit.c.obj                   4      0         0      
       pre_init.c.obj               4      0         0      
    +--+----------------------------+------+---------+---------+
       Total:                       1116   0         16     
                                                            
    /opt/ti/tirtos_cc13xx_cc26xx_2_21_01_08/products/cc13xxware_2_04_03_17272/driverlib/bin/ccs/driverlib.lib
       setup_rom.obj                1472   0         0      
       setup.obj                    360    0         0      
       interrupt.obj                52     0         200    
       chipinfo.obj                 206    0         0      
       osc.obj                      140    0         0      
       timer.obj                    112    0         0      
       ddi.obj                      44     0         0      
       cpu.obj                      24     0         0      
       uart.obj                     24     0         0      
    +--+----------------------------+------+---------+---------+
       Total:                       2434   0         200    
                                                            
       Heap:                        0      0         16     
       Stack:                       0      0         256    
       Linker Generated:            0      65        0      
    +--+----------------------------+------+---------+---------+
       Grand Total:                 4808   353       524    


LINKER GENERATED COPY TABLES

__TI_cinit_table @ 000013c8 records: 3, size/record: 8, table size: 24
	.data: load addr=00001398, load size=0000000d bytes, run addr=200000c8, run size=0000001c bytes, compression=lzss
	.bss: load addr=000013b8, load size=00000008 bytes, run addr=200000e4, run size=00000018 bytes, compression=zero_init
	.vtable_ram: load addr=000013c0, load size=00000008 bytes, run addr=20000000, run size=000000c8 bytes, compression=zero_init


LINKER GENERATED HANDLER TABLE

__TI_handler_table @ 000013a8 records: 3, size/record: 4, table size: 12
	index: 0, handler: __TI_zero_init
	index: 1, handler: __TI_decompress_lzss
	index: 2, handler: __TI_decompress_none


GLOBAL SYMBOLS: SORTED ALPHABETICALLY BY Name 

address   name                                                        
-------   ----                                                        
0000138b  C$$EXIT                                                     
00001367  NOROM_CPUcpsid                                              
00001373  NOROM_CPUcpsie                                              
00000f8d  NOROM_ChipInfo_GetChipFamily                                
00000cc1  NOROM_ChipInfo_GetHwRevision                                
000010ed  NOROM_DDI32RegWrite                                         
00001059  NOROM_IntRegister                                           
00001119  NOROM_OSCClockSourceGet                                     
00000edd  NOROM_OSCClockSourceSet                                     
00000b0d  NOROM_SetupAfterColdResetWakeupFromShutDownCfg1             
000006e9  NOROM_SetupAfterColdResetWakeupFromShutDownCfg2             
000004b9  NOROM_SetupAfterColdResetWakeupFromShutDownCfg3             
0000124d  NOROM_SetupGetTrimForAdcShModeEn                            
00001265  NOROM_SetupGetTrimForAdcShVbufEn                            
00000da1  NOROM_SetupGetTrimForAmpcompCtrl                            
0000127d  NOROM_SetupGetTrimForAmpcompTh1                             
000011dd  NOROM_SetupGetTrimForAmpcompTh2                             
00000e0d  NOROM_SetupGetTrimForAnabypassValue1                        
00001295  NOROM_SetupGetTrimForDblrLoopFilterResetVoltage             
00001145  NOROM_SetupGetTrimForRadcExtCfg                             
000012ad  NOROM_SetupGetTrimForRcOscLfIBiasTrim                       
000011f9  NOROM_SetupGetTrimForRcOscLfRtuneCtuneTrim                  
000011bd  NOROM_SetupGetTrimForXoscHfCtl                              
00001339  NOROM_SetupGetTrimForXoscHfFastStart                        
00001349  NOROM_SetupGetTrimForXoscHfIbiastherm                       
000012c5  NOROM_SetupGetTrimForXoscLfRegulatorAndCmirrwrRatio         
0000108d  NOROM_SetupSetAonRtcSubSecInc                               
00000f3d  NOROM_SetupSetCacheModeAccordingToCcfgSetting               
00000c4d  NOROM_SetupSetVddrLevel                                     
00000a65  NOROM_SetupTrimDevice                                       
0000130d  NOROM_ThisCodeIsBuiltForCC13xxHwRev20AndLater_HaltIfViolated
00001019  NOROM_TimerIntRegister                                      
000012dd  NOROM_UARTIntRegister                                       
00001323  ResetISR                                                    
20005000  __STACK_END                                                 
00000100  __STACK_SIZE                                                
20005000  __STACK_TOP                                                 
00000010  __SYSMEM_SIZE                                               
000013c8  __TI_CINIT_Base                                             
000013e0  __TI_CINIT_Limit                                            
000013a8  __TI_Handler_Table_Base                                     
000013b4  __TI_Handler_Table_Limit                                    
00000fd5  __TI_auto_init_nobinit_nopinit                              
00000e75  __TI_decompress_lzss                                        
00001359  __TI_decompress_none                                        
ffffffff  __TI_pprof_out_hndl                                         
ffffffff  __TI_prof_data_size                                         
ffffffff  __TI_prof_data_start                                        
00000000  __TI_static_base__                                          
00001215  __TI_zero_init_nomemset                                     
00000bb1  __aeabi_memcpy                                              
00000bb1  __aeabi_memcpy4                                             
00000bb1  __aeabi_memcpy8                                             
ffffffff  __binit__                                                   
00001390  __c_args__                                                  
0001ffa8  __ccfg                                                      
UNDEFED   __mpu_init                                                  
20004f00  __stack                                                     
20000000  __start___llvm_prf_cnts                                     
20000000  __stop___llvm_prf_cnts                                      
000012f5  _args_main                                                  
00001199  _c_int00                                                    
200000c8  _lock                                                       
0000138f  _nop                                                        
20000100  _sys_memory                                                 
UNDEFED   _system_post_cinit                                          
00001387  _system_pre_init                                            
200000cc  _unlock                                                     
0000138b  abort                                                       
000005e9  aligned_alloc                                               
ffffffff  binit                                                       
200000dc  delay                                                       
000007d9  free                                                        
20000000  g_pfnRAMVectors                                             
00000000  g_pfnVectors                                                
0000095d  main                                                        
0000137f  malloc                                                      
000005e9  memalign                                                    
00000bb1  memcpy                                                      
200000e4  my_buffer                                                   
00000907  timer_callback                                              
200000d8  timer_callback_function                                     
000003a5  timer_interrupt_handler                                     
000003f5  timer_setup                                                 
000008cd  uart_callback                                               
200000e0  uart_callback_function                                      
000001cd  uart_interrupt_handler                                      
0000019f  uart_send_data                                              
00000213  uart_setup                                                  


GLOBAL SYMBOLS: SORTED BY Symbol Address 

address   name                                                        
-------   ----                                                        
00000000  __TI_static_base__                                          
00000000  g_pfnVectors                                                
00000010  __SYSMEM_SIZE                                               
00000100  __STACK_SIZE                                                
0000019f  uart_send_data                                              
000001cd  uart_interrupt_handler                                      
00000213  uart_setup                                                  
000003a5  timer_interrupt_handler                                     
000003f5  timer_setup                                                 
000004b9  NOROM_SetupAfterColdResetWakeupFromShutDownCfg3             
000005e9  aligned_alloc                                               
000005e9  memalign                                                    
000006e9  NOROM_SetupAfterColdResetWakeupFromShutDownCfg2             
000007d9  free                                                        
000008cd  uart_callback                                               
00000907  timer_callback                                              
0000095d  main                                                        
00000a65  NOROM_SetupTrimDevice                                       
00000b0d  NOROM_SetupAfterColdResetWakeupFromShutDownCfg1             
00000bb1  __aeabi_memcpy                                              
00000bb1  __aeabi_memcpy4                                             
00000bb1  __aeabi_memcpy8                                             
00000bb1  memcpy                                                      
00000c4d  NOROM_SetupSetVddrLevel                                     
00000cc1  NOROM_ChipInfo_GetHwRevision                                
00000da1  NOROM_SetupGetTrimForAmpcompCtrl                            
00000e0d  NOROM_SetupGetTrimForAnabypassValue1                        
00000e75  __TI_decompress_lzss                                        
00000edd  NOROM_OSCClockSourceSet                                     
00000f3d  NOROM_SetupSetCacheModeAccordingToCcfgSetting               
00000f8d  NOROM_ChipInfo_GetChipFamily                                
00000fd5  __TI_auto_init_nobinit_nopinit                              
00001019  NOROM_TimerIntRegister                                      
00001059  NOROM_IntRegister                                           
0000108d  NOROM_SetupSetAonRtcSubSecInc                               
000010ed  NOROM_DDI32RegWrite                                         
00001119  NOROM_OSCClockSourceGet                                     
00001145  NOROM_SetupGetTrimForRadcExtCfg                             
00001199  _c_int00                                                    
000011bd  NOROM_SetupGetTrimForXoscHfCtl                              
000011dd  NOROM_SetupGetTrimForAmpcompTh2                             
000011f9  NOROM_SetupGetTrimForRcOscLfRtuneCtuneTrim                  
00001215  __TI_zero_init_nomemset                                     
0000124d  NOROM_SetupGetTrimForAdcShModeEn                            
00001265  NOROM_SetupGetTrimForAdcShVbufEn                            
0000127d  NOROM_SetupGetTrimForAmpcompTh1                             
00001295  NOROM_SetupGetTrimForDblrLoopFilterResetVoltage             
000012ad  NOROM_SetupGetTrimForRcOscLfIBiasTrim                       
000012c5  NOROM_SetupGetTrimForXoscLfRegulatorAndCmirrwrRatio         
000012dd  NOROM_UARTIntRegister                                       
000012f5  _args_main                                                  
0000130d  NOROM_ThisCodeIsBuiltForCC13xxHwRev20AndLater_HaltIfViolated
00001323  ResetISR                                                    
00001339  NOROM_SetupGetTrimForXoscHfFastStart                        
00001349  NOROM_SetupGetTrimForXoscHfIbiastherm                       
00001359  __TI_decompress_none                                        
00001367  NOROM_CPUcpsid                                              
00001373  NOROM_CPUcpsie                                              
0000137f  malloc                                                      
00001387  _system_pre_init                                            
0000138b  C$$EXIT                                                     
0000138b  abort                                                       
0000138f  _nop                                                        
00001390  __c_args__                                                  
000013a8  __TI_Handler_Table_Base                                     
000013b4  __TI_Handler_Table_Limit                                    
000013c8  __TI_CINIT_Base                                             
000013e0  __TI_CINIT_Limit                                            
0001ffa8  __ccfg                                                      
20000000  __start___llvm_prf_cnts                                     
20000000  __stop___llvm_prf_cnts                                      
20000000  g_pfnRAMVectors                                             
200000c8  _lock                                                       
200000cc  _unlock                                                     
200000d8  timer_callback_function                                     
200000dc  delay                                                       
200000e0  uart_callback_function                                      
200000e4  my_buffer                                                   
20000100  _sys_memory                                                 
20004f00  __stack                                                     
20005000  __STACK_END                                                 
20005000  __STACK_TOP                                                 
ffffffff  __TI_pprof_out_hndl                                         
ffffffff  __TI_prof_data_size                                         
ffffffff  __TI_prof_data_start                                        
ffffffff  __binit__                                                   
ffffffff  binit                                                       
UNDEFED   __mpu_init                                                  
UNDEFED   _system_post_cinit                                          

[89 symbols]
