******************************************************************************
                  TI ARM Linker Unix v20.2.5                   
******************************************************************************
>> Linked Sat Feb  4 22:21:11 2023

OUTPUT FILE NAME:   <Lab4Exercise2.out>
ENTRY POINT SYMBOL: "ResetISR"  address: 00001303


MEMORY CONFIGURATION

         name            origin    length      used     unused   attr    fill
----------------------  --------  ---------  --------  --------  ----  --------
  FLASH                 00000000   00020000  00001418  0001ebe8  R  X
  GPRAM                 11000000   00002000  00000000  00002000  RW X
  SRAM                  20000000   00005000  0000020c  00004df4  RW X


SEGMENT ALLOCATION MAP

run origin  load origin   length   init length attrs members
----------  ----------- ---------- ----------- ----- -------
00000000    00000000    00001370   00001370    r-x
  00000000    00000000    000000c8   000000c8    r-- .intvecs
  000000c8    000000c8    000012a8   000012a8    r-x .text
00001370    00001370    00000008   00000008    rw-
  00001370    00001370    00000008   00000008    rw- .args
00001378    00001378    00000048   00000048    r--
  00001378    00001378    00000048   00000048    r-- .cinit
0001ffa8    0001ffa8    00000058   00000058    r--
  0001ffa8    0001ffa8    00000058   00000058    r-- .ccfg
20000000    20000000    00000110   00000000    rw-
  20000000    20000000    000000c8   00000000    rw- .vtable_ram
  200000c8    200000c8    0000001c   00000000    rw- .data
  200000e4    200000e4    00000018   00000000    rw- .bss
  20000100    20000100    00000010   00000000    rw- .sysmem
20004f00    20004f00    00000100   00000000    rw-
  20004f00    20004f00    00000100   00000000    rw- .stack


SECTION ALLOCATION MAP

 output                                  attributes/
section   page    origin      length       input sections
--------  ----  ----------  ----------   ----------------
.intvecs   0    00000000    000000c8     
                  00000000    000000c8     startup_ccs.obj (.intvecs)

.text      0    000000c8    000012a8     
                  000000c8    00000204     uart_module.obj (.text)
                  000002cc    000001cc     timer_module.obj (.text)
                  00000498    00000130     driverlib.lib : setup_rom.obj (.text:NOROM_SetupAfterColdResetWakeupFromShutDownCfg3)
                  000005c8    00000100     rtsv7M3_T_le_eabi.lib : memory.c.obj (.text:aligned_alloc)
                  000006c8    000000f0     driverlib.lib : setup_rom.obj (.text:NOROM_SetupAfterColdResetWakeupFromShutDownCfg2)
                  000007b8    000000e8     rtsv7M3_T_le_eabi.lib : memory.c.obj (.text:free)
                  000008a0    000000e4     main.obj (.text)
                  00000984    000000c0     driverlib.lib : setup.obj (.text:TrimAfterColdResetWakeupFromShutDown)
                  00000a44    000000a8                   : setup.obj (.text:NOROM_SetupTrimDevice)
                  00000aec    000000a4                   : setup_rom.obj (.text:NOROM_SetupAfterColdResetWakeupFromShutDownCfg1)
                  00000b90    0000009c     rtsv7M3_T_le_eabi.lib : memcpy_t2.asm.obj (.text)
                  00000c2c    00000074     driverlib.lib : setup_rom.obj (.text:NOROM_SetupSetVddrLevel)
                  00000ca0    00000070                   : chipinfo.obj (.text:NOROM_ChipInfo_GetHwRevision)
                  00000d10    00000070     rtsv7M3_T_le_eabi.lib : memory.c.obj (.text:split)
                  00000d80    0000006c     driverlib.lib : setup_rom.obj (.text:NOROM_SetupGetTrimForAmpcompCtrl)
                  00000dec    00000068                   : setup_rom.obj (.text:NOROM_SetupGetTrimForAnabypassValue1)
                  00000e54    00000068     rtsv7M3_T_le_eabi.lib : copy_decompress_lzss.c.obj (.text:decompress:lzss:__TI_decompress_lzss)
                  00000ebc    00000060     driverlib.lib : osc.obj (.text:NOROM_OSCClockSourceSet)
                  00000f1c    00000050                   : setup_rom.obj (.text:NOROM_SetupSetCacheModeAccordingToCcfgSetting)
                  00000f6c    00000048                   : chipinfo.obj (.text:NOROM_ChipInfo_GetChipFamily)
                  00000fb4    00000044     rtsv7M3_T_le_eabi.lib : autoinit.c.obj (.text:__TI_auto_init_nobinit_nopinit:__TI_auto_init_nobinit_nopinit)
                  00000ff8    00000040     driverlib.lib : timer.obj (.text:NOROM_TimerIntRegister)
                  00001038    00000034                   : interrupt.obj (.text:NOROM_IntRegister)
                  0000106c    00000030                   : setup_rom.obj (.text:NOROM_SetupSetAonRtcSubSecInc)
                  0000109c    00000030                   : timer.obj (.text:TimerIntNumberGet)
                  000010cc    0000002c                   : ddi.obj (.text:NOROM_DDI32RegWrite)
                  000010f8    0000002c                   : osc.obj (.text:NOROM_OSCClockSourceGet)
                  00001124    0000002c                   : setup_rom.obj (.text:NOROM_SetupGetTrimForRadcExtCfg)
                  00001150    00000028     rtsv7M3_T_le_eabi.lib : memory.c.obj (.text:free_list_insert)
                  00001178    00000024                           : boot_cortex_m.c.obj (.text:_c_int00:_c_int00)
                  0000119c    00000020     driverlib.lib : setup_rom.obj (.text:NOROM_SetupGetTrimForXoscHfCtl)
                  000011bc    0000001c                   : setup_rom.obj (.text:NOROM_SetupGetTrimForAmpcompTh2)
                  000011d8    0000001c                   : setup_rom.obj (.text:NOROM_SetupGetTrimForRcOscLfRtuneCtuneTrim)
                  000011f4    0000001c     rtsv7M3_T_le_eabi.lib : copy_zero_init.c.obj (.text:decompress:ZI:__TI_zero_init_nomemset:__TI_zero_init_nomemset)
                  00001210    0000001c                           : memory.c.obj (.text:free_list_remove)
                  0000122c    00000018     driverlib.lib : setup_rom.obj (.text:NOROM_SetupGetTrimForAdcShModeEn)
                  00001244    00000018                   : setup_rom.obj (.text:NOROM_SetupGetTrimForAdcShVbufEn)
                  0000125c    00000018                   : setup_rom.obj (.text:NOROM_SetupGetTrimForAmpcompTh1)
                  00001274    00000018                   : setup_rom.obj (.text:NOROM_SetupGetTrimForDblrLoopFilterResetVoltage)
                  0000128c    00000018                   : setup_rom.obj (.text:NOROM_SetupGetTrimForRcOscLfIBiasTrim)
                  000012a4    00000018                   : setup_rom.obj (.text:NOROM_SetupGetTrimForXoscLfRegulatorAndCmirrwrRatio)
                  000012bc    00000018                   : uart.obj (.text:NOROM_UARTIntRegister)
                  000012d4    00000018     rtsv7M3_T_le_eabi.lib : args_main.c.obj (.text:_args_main)
                  000012ec    00000016     driverlib.lib : chipinfo.obj (.text:NOROM_ThisCodeIsBuiltForCC13xxHwRev20AndLater_HaltIfViolated)
                  00001302    00000016     startup_ccs.obj (.text)
                  00001318    00000010     driverlib.lib : setup_rom.obj (.text:NOROM_SetupGetTrimForXoscHfFastStart)
                  00001328    00000010                   : setup_rom.obj (.text:NOROM_SetupGetTrimForXoscHfIbiastherm)
                  00001338    0000000e     rtsv7M3_T_le_eabi.lib : copy_decompress_none.c.obj (.text:decompress:none:__TI_decompress_none)
                  00001346    0000000c     driverlib.lib : cpu.obj (.text:NOROM_CPUcpsid)
                  00001352    0000000c                   : cpu.obj (.text:NOROM_CPUcpsie)
                  0000135e    00000008     rtsv7M3_T_le_eabi.lib : memory.c.obj (.text:malloc)
                  00001366    00000004                           : pre_init.c.obj (.text:_system_pre_init)
                  0000136a    00000004                           : exit.c.obj (.text:abort:abort)
                  0000136e    00000002                           : _lock.c.obj (.text:_nop)

.binit     0    00000000    00000000     

.cinit     0    00001378    00000048     
                  00001378    0000000d     (.cinit..data.load) [load image, compression = lzss]
                  00001385    00000003     --HOLE-- [fill = 0]
                  00001388    0000000c     (__TI_handler_table)
                  00001394    00000004     --HOLE-- [fill = 0]
                  00001398    00000008     (.cinit..bss.load) [load image, compression = zero_init]
                  000013a0    00000008     (.cinit..vtable_ram.load) [load image, compression = zero_init]
                  000013a8    00000018     (__TI_cinit_table)

.init_array 
*          0    00000000    00000000     UNINITIALIZED

.ccfg      0    0001ffa8    00000058     
                  0001ffa8    00000058     ccfg.obj (.ccfg:retain)

.vtable_ram 
*          0    20000000    000000c8     UNINITIALIZED
                  20000000    000000c8     driverlib.lib : interrupt.obj (.vtable_ram)

.data      0    200000c8    0000001c     UNINITIALIZED
                  200000c8    00000008     rtsv7M3_T_le_eabi.lib : _lock.c.obj (.data:$O1$$)
                  200000d0    00000008                           : memory.c.obj (.data:$O1$$)
                  200000d8    00000008     timer_module.obj (.data)
                  200000e0    00000004     uart_module.obj (.data)

.bss       0    200000e4    00000018     UNINITIALIZED
                  200000e4    00000018     (.common:my_buffer)

.sysmem    0    20000100    00000010     UNINITIALIZED
                  20000100    00000010     rtsv7M3_T_le_eabi.lib : memory.c.obj (.sysmem)

.stack     0    20004f00    00000100     UNINITIALIZED
                  20004f00    00000004     rtsv7M3_T_le_eabi.lib : boot_cortex_m.c.obj (.stack)
                  20004f04    000000fc     --HOLE--

__llvm_prf_cnts 
*          0    20000000    00000000     UNINITIALIZED

.args      0    00001370    00000008     
                  00001370    00000008     --HOLE-- [fill = 0]

MODULE SUMMARY

       Module                       code   ro data   rw data
       ------                       ----   -------   -------
    ./
       uart_module.obj              516    0         4      
       timer_module.obj             460    0         8      
       main.obj                     228    0         24     
       startup_ccs.obj              22     200       0      
       ccfg.obj                     0      88        0      
    +--+----------------------------+------+---------+---------+
       Total:                       1226   288       36     
                                                            
    /opt/ti/ccs1040/ccs/tools/compiler/ti-cgt-arm_20.2.5.LTS/lib/rtsv7M3_T_le_eabi.lib
       memory.c.obj                 676    0         8      
       memcpy_t2.asm.obj            156    0         0      
       copy_decompress_lzss.c.obj   104    0         0      
       autoinit.c.obj               68     0         0      
       boot_cortex_m.c.obj          36     0         0      
       copy_zero_init.c.obj         28     0         0      
       args_main.c.obj              24     0         0      
       copy_decompress_none.c.obj   14     0         0      
       _lock.c.obj                  2      0         8      
       exit.c.obj                   4      0         0      
       pre_init.c.obj               4      0         0      
    +--+----------------------------+------+---------+---------+
       Total:                       1116   0         16     
                                                            
    /opt/ti/tirtos_cc13xx_cc26xx_2_21_01_08/products/cc13xxware_2_04_03_17272/driverlib/bin/ccs/driverlib.lib
       setup_rom.obj                1472   0         0      
       setup.obj                    360    0         0      
       interrupt.obj                52     0         200    
       chipinfo.obj                 206    0         0      
       osc.obj                      140    0         0      
       timer.obj                    112    0         0      
       ddi.obj                      44     0         0      
       cpu.obj                      24     0         0      
       uart.obj                     24     0         0      
    +--+----------------------------+------+---------+---------+
       Total:                       2434   0         200    
                                                            
       Heap:                        0      0         16     
       Stack:                       0      0         256    
       Linker Generated:            0      65        0      
    +--+----------------------------+------+---------+---------+
       Grand Total:                 4776   353       524    


LINKER GENERATED COPY TABLES

__TI_cinit_table @ 000013a8 records: 3, size/record: 8, table size: 24
	.data: load addr=00001378, load size=0000000d bytes, run addr=200000c8, run size=0000001c bytes, compression=lzss
	.bss: load addr=00001398, load size=00000008 bytes, run addr=200000e4, run size=00000018 bytes, compression=zero_init
	.vtable_ram: load addr=000013a0, load size=00000008 bytes, run addr=20000000, run size=000000c8 bytes, compression=zero_init


LINKER GENERATED HANDLER TABLE

__TI_handler_table @ 00001388 records: 3, size/record: 4, table size: 12
	index: 0, handler: __TI_zero_init
	index: 1, handler: __TI_decompress_lzss
	index: 2, handler: __TI_decompress_none


GLOBAL SYMBOLS: SORTED ALPHABETICALLY BY Name 

address   name                                                        
-------   ----                                                        
0000136b  C$$EXIT                                                     
00001347  NOROM_CPUcpsid                                              
00001353  NOROM_CPUcpsie                                              
00000f6d  NOROM_ChipInfo_GetChipFamily                                
00000ca1  NOROM_ChipInfo_GetHwRevision                                
000010cd  NOROM_DDI32RegWrite                                         
00001039  NOROM_IntRegister                                           
000010f9  NOROM_OSCClockSourceGet                                     
00000ebd  NOROM_OSCClockSourceSet                                     
00000aed  NOROM_SetupAfterColdResetWakeupFromShutDownCfg1             
000006c9  NOROM_SetupAfterColdResetWakeupFromShutDownCfg2             
00000499  NOROM_SetupAfterColdResetWakeupFromShutDownCfg3             
0000122d  NOROM_SetupGetTrimForAdcShModeEn                            
00001245  NOROM_SetupGetTrimForAdcShVbufEn                            
00000d81  NOROM_SetupGetTrimForAmpcompCtrl                            
0000125d  NOROM_SetupGetTrimForAmpcompTh1                             
000011bd  NOROM_SetupGetTrimForAmpcompTh2                             
00000ded  NOROM_SetupGetTrimForAnabypassValue1                        
00001275  NOROM_SetupGetTrimForDblrLoopFilterResetVoltage             
00001125  NOROM_SetupGetTrimForRadcExtCfg                             
0000128d  NOROM_SetupGetTrimForRcOscLfIBiasTrim                       
000011d9  NOROM_SetupGetTrimForRcOscLfRtuneCtuneTrim                  
0000119d  NOROM_SetupGetTrimForXoscHfCtl                              
00001319  NOROM_SetupGetTrimForXoscHfFastStart                        
00001329  NOROM_SetupGetTrimForXoscHfIbiastherm                       
000012a5  NOROM_SetupGetTrimForXoscLfRegulatorAndCmirrwrRatio         
0000106d  NOROM_SetupSetAonRtcSubSecInc                               
00000f1d  NOROM_SetupSetCacheModeAccordingToCcfgSetting               
00000c2d  NOROM_SetupSetVddrLevel                                     
00000a45  NOROM_SetupTrimDevice                                       
000012ed  NOROM_ThisCodeIsBuiltForCC13xxHwRev20AndLater_HaltIfViolated
00000ff9  NOROM_TimerIntRegister                                      
000012bd  NOROM_UARTIntRegister                                       
00001303  ResetISR                                                    
20005000  __STACK_END                                                 
00000100  __STACK_SIZE                                                
20005000  __STACK_TOP                                                 
00000010  __SYSMEM_SIZE                                               
000013a8  __TI_CINIT_Base                                             
000013c0  __TI_CINIT_Limit                                            
00001388  __TI_Handler_Table_Base                                     
00001394  __TI_Handler_Table_Limit                                    
00000fb5  __TI_auto_init_nobinit_nopinit                              
00000e55  __TI_decompress_lzss                                        
00001339  __TI_decompress_none                                        
ffffffff  __TI_pprof_out_hndl                                         
ffffffff  __TI_prof_data_size                                         
ffffffff  __TI_prof_data_start                                        
00000000  __TI_static_base__                                          
000011f5  __TI_zero_init_nomemset                                     
00000b91  __aeabi_memcpy                                              
00000b91  __aeabi_memcpy4                                             
00000b91  __aeabi_memcpy8                                             
ffffffff  __binit__                                                   
00001370  __c_args__                                                  
0001ffa8  __ccfg                                                      
UNDEFED   __mpu_init                                                  
20004f00  __stack                                                     
20000000  __start___llvm_prf_cnts                                     
20000000  __stop___llvm_prf_cnts                                      
000012d5  _args_main                                                  
00001179  _c_int00                                                    
200000c8  _lock                                                       
0000136f  _nop                                                        
20000100  _sys_memory                                                 
UNDEFED   _system_post_cinit                                          
00001367  _system_pre_init                                            
200000cc  _unlock                                                     
0000136b  abort                                                       
000005c9  aligned_alloc                                               
ffffffff  binit                                                       
200000dc  delay                                                       
000007b9  free                                                        
20000000  g_pfnRAMVectors                                             
00000000  g_pfnVectors                                                
0000093d  main                                                        
0000135f  malloc                                                      
000005c9  memalign                                                    
00000b91  memcpy                                                      
200000e4  my_buffer                                                   
000008e7  timer_callback                                              
200000d8  timer_callback_function                                     
00000385  timer_interrupt_handler                                     
000003d5  timer_setup                                                 
000008ad  uart_callback                                               
200000e0  uart_callback_function                                      
000001b5  uart_interrupt_handler                                      
00000187  uart_send_data                                              
000001fb  uart_setup                                                  


GLOBAL SYMBOLS: SORTED BY Symbol Address 

address   name                                                        
-------   ----                                                        
00000000  __TI_static_base__                                          
00000000  g_pfnVectors                                                
00000010  __SYSMEM_SIZE                                               
00000100  __STACK_SIZE                                                
00000187  uart_send_data                                              
000001b5  uart_interrupt_handler                                      
000001fb  uart_setup                                                  
00000385  timer_interrupt_handler                                     
000003d5  timer_setup                                                 
00000499  NOROM_SetupAfterColdResetWakeupFromShutDownCfg3             
000005c9  aligned_alloc                                               
000005c9  memalign                                                    
000006c9  NOROM_SetupAfterColdResetWakeupFromShutDownCfg2             
000007b9  free                                                        
000008ad  uart_callback                                               
000008e7  timer_callback                                              
0000093d  main                                                        
00000a45  NOROM_SetupTrimDevice                                       
00000aed  NOROM_SetupAfterColdResetWakeupFromShutDownCfg1             
00000b91  __aeabi_memcpy                                              
00000b91  __aeabi_memcpy4                                             
00000b91  __aeabi_memcpy8                                             
00000b91  memcpy                                                      
00000c2d  NOROM_SetupSetVddrLevel                                     
00000ca1  NOROM_ChipInfo_GetHwRevision                                
00000d81  NOROM_SetupGetTrimForAmpcompCtrl                            
00000ded  NOROM_SetupGetTrimForAnabypassValue1                        
00000e55  __TI_decompress_lzss                                        
00000ebd  NOROM_OSCClockSourceSet                                     
00000f1d  NOROM_SetupSetCacheModeAccordingToCcfgSetting               
00000f6d  NOROM_ChipInfo_GetChipFamily                                
00000fb5  __TI_auto_init_nobinit_nopinit                              
00000ff9  NOROM_TimerIntRegister                                      
00001039  NOROM_IntRegister                                           
0000106d  NOROM_SetupSetAonRtcSubSecInc                               
000010cd  NOROM_DDI32RegWrite                                         
000010f9  NOROM_OSCClockSourceGet                                     
00001125  NOROM_SetupGetTrimForRadcExtCfg                             
00001179  _c_int00                                                    
0000119d  NOROM_SetupGetTrimForXoscHfCtl                              
000011bd  NOROM_SetupGetTrimForAmpcompTh2                             
000011d9  NOROM_SetupGetTrimForRcOscLfRtuneCtuneTrim                  
000011f5  __TI_zero_init_nomemset                                     
0000122d  NOROM_SetupGetTrimForAdcShModeEn                            
00001245  NOROM_SetupGetTrimForAdcShVbufEn                            
0000125d  NOROM_SetupGetTrimForAmpcompTh1                             
00001275  NOROM_SetupGetTrimForDblrLoopFilterResetVoltage             
0000128d  NOROM_SetupGetTrimForRcOscLfIBiasTrim                       
000012a5  NOROM_SetupGetTrimForXoscLfRegulatorAndCmirrwrRatio         
000012bd  NOROM_UARTIntRegister                                       
000012d5  _args_main                                                  
000012ed  NOROM_ThisCodeIsBuiltForCC13xxHwRev20AndLater_HaltIfViolated
00001303  ResetISR                                                    
00001319  NOROM_SetupGetTrimForXoscHfFastStart                        
00001329  NOROM_SetupGetTrimForXoscHfIbiastherm                       
00001339  __TI_decompress_none                                        
00001347  NOROM_CPUcpsid                                              
00001353  NOROM_CPUcpsie                                              
0000135f  malloc                                                      
00001367  _system_pre_init                                            
0000136b  C$$EXIT                                                     
0000136b  abort                                                       
0000136f  _nop                                                        
00001370  __c_args__                                                  
00001388  __TI_Handler_Table_Base                                     
00001394  __TI_Handler_Table_Limit                                    
000013a8  __TI_CINIT_Base                                             
000013c0  __TI_CINIT_Limit                                            
0001ffa8  __ccfg                                                      
20000000  __start___llvm_prf_cnts                                     
20000000  __stop___llvm_prf_cnts                                      
20000000  g_pfnRAMVectors                                             
200000c8  _lock                                                       
200000cc  _unlock                                                     
200000d8  timer_callback_function                                     
200000dc  delay                                                       
200000e0  uart_callback_function                                      
200000e4  my_buffer                                                   
20000100  _sys_memory                                                 
20004f00  __stack                                                     
20005000  __STACK_END                                                 
20005000  __STACK_TOP                                                 
ffffffff  __TI_pprof_out_hndl                                         
ffffffff  __TI_prof_data_size                                         
ffffffff  __TI_prof_data_start                                        
ffffffff  __binit__                                                   
ffffffff  binit                                                       
UNDEFED   __mpu_init                                                  
UNDEFED   _system_post_cinit                                          

[89 symbols]
