******************************************************************************
                  TI ARM Linker Unix v20.2.7                   
******************************************************************************
>> Linked Fri Jan 13 16:57:24 2023

OUTPUT FILE NAME:   <Lab1.out>
ENTRY POINT SYMBOL: "ResetISR"  address: 00000a7f


MEMORY CONFIGURATION

         name            origin    length      used     unused   attr    fill
----------------------  --------  ---------  --------  --------  ----  --------
  FLASH                 00000000   00020000  00000b3a  0001f4c6  R  X
  GPRAM                 11000000   00002000  00000000  00002000  RW X
  SRAM                  20000000   00005000  00000100  00004f00  RW X


SEGMENT ALLOCATION MAP

run origin  load origin   length   init length attrs members
----------  ----------- ---------- ----------- ----- -------
00000000    00000000    00000ada   00000ada    r-x
  00000000    00000000    000000c8   000000c8    r-- .intvecs
  000000c8    000000c8    00000a12   00000a12    r-x .text
00000adc    00000adc    00000008   00000008    rw-
  00000adc    00000adc    00000008   00000008    rw- .args
0001ffa8    0001ffa8    00000058   00000058    r--
  0001ffa8    0001ffa8    00000058   00000058    r-- .ccfg
20004f00    20004f00    00000100   00000000    rw-
  20004f00    20004f00    00000100   00000000    rw- .stack


SECTION ALLOCATION MAP

 output                                  attributes/
section   page    origin      length       input sections
--------  ----  ----------  ----------   ----------------
.intvecs   0    00000000    000000c8     
                  00000000    000000c8     startup_ccs.obj (.intvecs)

.text      0    000000c8    00000a12     
                  000000c8    00000130     driverlib.lib : setup_rom.obj (.text:NOROM_SetupAfterColdResetWakeupFromShutDownCfg3)
                  000001f8    000000f4     main.obj (.text)
                  000002ec    000000f0     driverlib.lib : setup_rom.obj (.text:NOROM_SetupAfterColdResetWakeupFromShutDownCfg2)
                  000003dc    000000c0                   : setup.obj (.text:TrimAfterColdResetWakeupFromShutDown)
                  0000049c    000000a8                   : setup.obj (.text:NOROM_SetupTrimDevice)
                  00000544    000000a4                   : setup_rom.obj (.text:NOROM_SetupAfterColdResetWakeupFromShutDownCfg1)
                  000005e8    00000074                   : setup_rom.obj (.text:NOROM_SetupSetVddrLevel)
                  0000065c    00000070                   : chipinfo.obj (.text:NOROM_ChipInfo_GetHwRevision)
                  000006cc    0000006c                   : setup_rom.obj (.text:NOROM_SetupGetTrimForAmpcompCtrl)
                  00000738    00000068                   : setup_rom.obj (.text:NOROM_SetupGetTrimForAnabypassValue1)
                  000007a0    00000060                   : osc.obj (.text:NOROM_OSCClockSourceSet)
                  00000800    00000050                   : setup_rom.obj (.text:NOROM_SetupSetCacheModeAccordingToCcfgSetting)
                  00000850    00000048                   : chipinfo.obj (.text:NOROM_ChipInfo_GetChipFamily)
                  00000898    00000030                   : setup_rom.obj (.text:NOROM_SetupSetAonRtcSubSecInc)
                  000008c8    0000002c                   : ddi.obj (.text:NOROM_DDI32RegWrite)
                  000008f4    0000002c                   : osc.obj (.text:NOROM_OSCClockSourceGet)
                  00000920    0000002c                   : setup_rom.obj (.text:NOROM_SetupGetTrimForRadcExtCfg)
                  0000094c    00000020                   : setup_rom.obj (.text:NOROM_SetupGetTrimForXoscHfCtl)
                  0000096c    0000001c                   : setup_rom.obj (.text:NOROM_SetupGetTrimForAmpcompTh2)
                  00000988    0000001c                   : setup_rom.obj (.text:NOROM_SetupGetTrimForRcOscLfRtuneCtuneTrim)
                  000009a4    0000001c     rtsv7M3_T_le_eabi.lib : boot_cortex_m.c.obj (.text:_c_int00_noinit:_c_int00_noinit)
                  000009c0    00000018     driverlib.lib : setup_rom.obj (.text:NOROM_SetupGetTrimForAdcShModeEn)
                  000009d8    00000018                   : setup_rom.obj (.text:NOROM_SetupGetTrimForAdcShVbufEn)
                  000009f0    00000018                   : setup_rom.obj (.text:NOROM_SetupGetTrimForAmpcompTh1)
                  00000a08    00000018                   : setup_rom.obj (.text:NOROM_SetupGetTrimForDblrLoopFilterResetVoltage)
                  00000a20    00000018                   : setup_rom.obj (.text:NOROM_SetupGetTrimForRcOscLfIBiasTrim)
                  00000a38    00000018                   : setup_rom.obj (.text:NOROM_SetupGetTrimForXoscLfRegulatorAndCmirrwrRatio)
                  00000a50    00000018     rtsv7M3_T_le_eabi.lib : args_main.c.obj (.text:_args_main)
                  00000a68    00000016     driverlib.lib : chipinfo.obj (.text:NOROM_ThisCodeIsBuiltForCC13xxHwRev20AndLater_HaltIfViolated)
                  00000a7e    00000016     startup_ccs.obj (.text)
                  00000a94    00000010     driverlib.lib : setup_rom.obj (.text:NOROM_SetupGetTrimForXoscHfFastStart)
                  00000aa4    00000010                   : setup_rom.obj (.text:NOROM_SetupGetTrimForXoscHfIbiastherm)
                  00000ab4    0000000c                   : cpu.obj (.text:NOROM_CPUcpsid)
                  00000ac0    0000000c                   : cpu.obj (.text:NOROM_CPUcpsie)
                  00000acc    00000006                   : cpu.obj (.text:NOROM_CPUdelay)
                  00000ad2    00000004     rtsv7M3_T_le_eabi.lib : pre_init.c.obj (.text:_system_pre_init)
                  00000ad6    00000004                           : exit.c.obj (.text:abort:abort)

.binit     0    00000000    00000000     

.cinit     0    00000000    00000000     UNINITIALIZED

.init_array 
*          0    00000000    00000000     UNINITIALIZED

.ccfg      0    0001ffa8    00000058     
                  0001ffa8    00000058     ccfg.obj (.ccfg:retain)

.stack     0    20004f00    00000100     UNINITIALIZED
                  20004f00    00000004     rtsv7M3_T_le_eabi.lib : boot_cortex_m.c.obj (.stack)
                  20004f04    000000fc     --HOLE--

__llvm_prf_cnts 
*          0    20000000    00000000     UNINITIALIZED

.args      0    00000adc    00000008     
                  00000adc    00000008     --HOLE-- [fill = 0]

MODULE SUMMARY

       Module                code   ro data   rw data
       ------                ----   -------   -------
    ./
       main.obj              244    0         0      
       startup_ccs.obj       22     200       0      
       ccfg.obj              0      88        0      
    +--+---------------------+------+---------+---------+
       Total:                266    288       0      
                                                     
    /home/martin/ti/ccs1040/ccs/tools/compiler/ti-cgt-arm_20.2.7.LTS/lib/rtsv7M3_T_le_eabi.lib
       boot_cortex_m.c.obj   28     0         0      
       args_main.c.obj       24     0         0      
       exit.c.obj            4      0         0      
       pre_init.c.obj        4      0         0      
    +--+---------------------+------+---------+---------+
       Total:                60     0         0      
                                                     
    /opt/ti/tirtos_cc13xx_cc26xx_2_21_01_08/products/cc13xxware_2_04_03_17272/driverlib/bin/ccs/driverlib.lib
       setup_rom.obj         1472   0         0      
       setup.obj             360    0         0      
       chipinfo.obj          206    0         0      
       osc.obj               140    0         0      
       ddi.obj               44     0         0      
       cpu.obj               30     0         0      
    +--+---------------------+------+---------+---------+
       Total:                2252   0         0      
                                                     
       Stack:                0      0         256    
    +--+---------------------+------+---------+---------+
       Grand Total:          2578   288       256    


GLOBAL SYMBOLS: SORTED ALPHABETICALLY BY Name 

address   name                                                        
-------   ----                                                        
00000ad7  C$$EXIT                                                     
00000ab5  NOROM_CPUcpsid                                              
00000ac1  NOROM_CPUcpsie                                              
00000acd  NOROM_CPUdelay                                              
00000851  NOROM_ChipInfo_GetChipFamily                                
0000065d  NOROM_ChipInfo_GetHwRevision                                
000008c9  NOROM_DDI32RegWrite                                         
000008f5  NOROM_OSCClockSourceGet                                     
000007a1  NOROM_OSCClockSourceSet                                     
00000545  NOROM_SetupAfterColdResetWakeupFromShutDownCfg1             
000002ed  NOROM_SetupAfterColdResetWakeupFromShutDownCfg2             
000000c9  NOROM_SetupAfterColdResetWakeupFromShutDownCfg3             
000009c1  NOROM_SetupGetTrimForAdcShModeEn                            
000009d9  NOROM_SetupGetTrimForAdcShVbufEn                            
000006cd  NOROM_SetupGetTrimForAmpcompCtrl                            
000009f1  NOROM_SetupGetTrimForAmpcompTh1                             
0000096d  NOROM_SetupGetTrimForAmpcompTh2                             
00000739  NOROM_SetupGetTrimForAnabypassValue1                        
00000a09  NOROM_SetupGetTrimForDblrLoopFilterResetVoltage             
00000921  NOROM_SetupGetTrimForRadcExtCfg                             
00000a21  NOROM_SetupGetTrimForRcOscLfIBiasTrim                       
00000989  NOROM_SetupGetTrimForRcOscLfRtuneCtuneTrim                  
0000094d  NOROM_SetupGetTrimForXoscHfCtl                              
00000a95  NOROM_SetupGetTrimForXoscHfFastStart                        
00000aa5  NOROM_SetupGetTrimForXoscHfIbiastherm                       
00000a39  NOROM_SetupGetTrimForXoscLfRegulatorAndCmirrwrRatio         
00000899  NOROM_SetupSetAonRtcSubSecInc                               
00000801  NOROM_SetupSetCacheModeAccordingToCcfgSetting               
000005e9  NOROM_SetupSetVddrLevel                                     
0000049d  NOROM_SetupTrimDevice                                       
00000a69  NOROM_ThisCodeIsBuiltForCC13xxHwRev20AndLater_HaltIfViolated
00000a7f  ResetISR                                                    
20005000  __STACK_END                                                 
00000100  __STACK_SIZE                                                
20005000  __STACK_TOP                                                 
ffffffff  __TI_pprof_out_hndl                                         
ffffffff  __TI_prof_data_size                                         
ffffffff  __TI_prof_data_start                                        
00000000  __TI_static_base__                                          
ffffffff  __binit__                                                   
00000adc  __c_args__                                                  
0001ffa8  __ccfg                                                      
UNDEFED   __mpu_init                                                  
20004f00  __stack                                                     
20000000  __start___llvm_prf_cnts                                     
20000000  __stop___llvm_prf_cnts                                      
00000a51  _args_main                                                  
000009a5  _c_int00_noinit                                             
00000ad3  _system_pre_init                                            
00000ad7  abort                                                       
ffffffff  binit                                                       
00000000  g_pfnVectors                                                
0000021f  main                                                        


GLOBAL SYMBOLS: SORTED BY Symbol Address 

address   name                                                        
-------   ----                                                        
00000000  __TI_static_base__                                          
00000000  g_pfnVectors                                                
000000c9  NOROM_SetupAfterColdResetWakeupFromShutDownCfg3             
00000100  __STACK_SIZE                                                
0000021f  main                                                        
000002ed  NOROM_SetupAfterColdResetWakeupFromShutDownCfg2             
0000049d  NOROM_SetupTrimDevice                                       
00000545  NOROM_SetupAfterColdResetWakeupFromShutDownCfg1             
000005e9  NOROM_SetupSetVddrLevel                                     
0000065d  NOROM_ChipInfo_GetHwRevision                                
000006cd  NOROM_SetupGetTrimForAmpcompCtrl                            
00000739  NOROM_SetupGetTrimForAnabypassValue1                        
000007a1  NOROM_OSCClockSourceSet                                     
00000801  NOROM_SetupSetCacheModeAccordingToCcfgSetting               
00000851  NOROM_ChipInfo_GetChipFamily                                
00000899  NOROM_SetupSetAonRtcSubSecInc                               
000008c9  NOROM_DDI32RegWrite                                         
000008f5  NOROM_OSCClockSourceGet                                     
00000921  NOROM_SetupGetTrimForRadcExtCfg                             
0000094d  NOROM_SetupGetTrimForXoscHfCtl                              
0000096d  NOROM_SetupGetTrimForAmpcompTh2                             
00000989  NOROM_SetupGetTrimForRcOscLfRtuneCtuneTrim                  
000009a5  _c_int00_noinit                                             
000009c1  NOROM_SetupGetTrimForAdcShModeEn                            
000009d9  NOROM_SetupGetTrimForAdcShVbufEn                            
000009f1  NOROM_SetupGetTrimForAmpcompTh1                             
00000a09  NOROM_SetupGetTrimForDblrLoopFilterResetVoltage             
00000a21  NOROM_SetupGetTrimForRcOscLfIBiasTrim                       
00000a39  NOROM_SetupGetTrimForXoscLfRegulatorAndCmirrwrRatio         
00000a51  _args_main                                                  
00000a69  NOROM_ThisCodeIsBuiltForCC13xxHwRev20AndLater_HaltIfViolated
00000a7f  ResetISR                                                    
00000a95  NOROM_SetupGetTrimForXoscHfFastStart                        
00000aa5  NOROM_SetupGetTrimForXoscHfIbiastherm                       
00000ab5  NOROM_CPUcpsid                                              
00000ac1  NOROM_CPUcpsie                                              
00000acd  NOROM_CPUdelay                                              
00000ad3  _system_pre_init                                            
00000ad7  C$$EXIT                                                     
00000ad7  abort                                                       
00000adc  __c_args__                                                  
0001ffa8  __ccfg                                                      
20000000  __start___llvm_prf_cnts                                     
20000000  __stop___llvm_prf_cnts                                      
20004f00  __stack                                                     
20005000  __STACK_END                                                 
20005000  __STACK_TOP                                                 
ffffffff  __TI_pprof_out_hndl                                         
ffffffff  __TI_prof_data_size                                         
ffffffff  __TI_prof_data_start                                        
ffffffff  __binit__                                                   
ffffffff  binit                                                       
UNDEFED   __mpu_init                                                  

[53 symbols]
